<html>
<body>
<pre>
<h1>礦ision Build Log</h1>
<h2>Tool Versions:</h2>
IDE-Version: μVision V5.27.1.0
Copyright (C) 2019 ARM Ltd and ARM Germany GmbH. All rights reserved.
License Information: 1 yephiu, 1, LIC=QF82M-XUJMZ-VE4HA-18PYG-E8BH2-W7FLW
 
Tool Versions:
Toolchain:       MDK-ARM Plus  Version: 5.27.1.0
Toolchain Path:  C:\yephiu\app\KEIL\ARM\ARMCC\Bin
C Compiler:      Armcc.exe V5.06 update 6 (build 750)
Assembler:       Armasm.exe V5.06 update 6 (build 750)
Linker/Locator:  ArmLink.exe V5.06 update 6 (build 750)
Library Manager: ArmAr.exe V5.06 update 6 (build 750)
Hex Converter:   FromElf.exe V5.06 update 6 (build 750)
CPU DLL:         SARMCM3.DLL V5.27.1.0
Dialog DLL:      DCM.DLL V1.17.2.0
Target DLL:      CMSIS_AGDI.dll V1.31.17.0
Dialog DLL:      TCM.DLL V1.36.1.0
 
<h2>Project:</h2>
D:\资料整理\STM32F4\stm32f407ve_prj\stm32f4模板工程\USER\Template.uvprojx
Project File Date:  08/23/2022

<h2>Output:</h2>
*** Using Compiler 'V5.06 update 6 (build 750)', folder: 'C:\yephiu\app\KEIL\ARM\ARMCC\Bin'
Rebuild target 'Template'
assembling startup_stm32f40_41xxx.s...
compiling stm32f4xx_crc.c...
compiling stm32f4xx_adc.c...
compiling misc.c...
compiling stm32f4xx_it.c...
compiling system_stm32f4xx.c...
compiling stm32f4xx_cryp_des.c...
compiling stm32f4xx_cryp_aes.c...
compiling stm32f4xx_cryp.c...
compiling stm32f4xx_can.c...
compiling task.c...
task.c(15): warning:  #1-D: last line of file ends without a newline
  }
task.c: 1 warning, 0 errors
compiling main.c...
compiling stm32f4xx_cryp_tdes.c...
compiling stm32f4xx_dac.c...
compiling stm32f4xx_dbgmcu.c...
compiling stm32f4xx_dcmi.c...
compiling stm32f4xx_exti.c...
compiling stm32f4xx_flash_ramfunc.c...
compiling stm32f4xx_dma2d.c...
compiling stm32f4xx_dma.c...
compiling stm32f4xx_flash.c...
compiling stm32f4xx_gpio.c...
compiling stm32f4xx_fsmc.c...
compiling stm32f4xx_hash.c...
compiling stm32f4xx_hash_md5.c...
compiling stm32f4xx_hash_sha1.c...
compiling stm32f4xx_iwdg.c...
compiling stm32f4xx_i2c.c...
compiling stm32f4xx_pwr.c...
compiling stm32f4xx_rng.c...
compiling stm32f4xx_rcc.c...
compiling stm32f4xx_ltdc.c...
compiling stm32f4xx_spi.c...
compiling stm32f4xx_sdio.c...
compiling stm32f4xx_rtc.c...
compiling stm32f4xx_sai.c...
compiling stm32f4xx_syscfg.c...
compiling stm32f4xx_usart.c...
compiling stm32f4xx_tim.c...
compiling stm32f4xx_wwdg.c...
compiling explore_system.c...
compiling digital_filter.c...
compiling Limits.c...
compiling MedianFiler.c...
compiling tim.c...
compiling pid.c...
..\MATH\pid\pid.c(28): warning:  #1035-D: single-precision operand implicitly converted to double-precision
      PIDstatus->differential = PIDstatus->differentialFliter + (PIDtime / (lowpass_filter + PIDtime)) * (PIDstatus->differential - PIDstatus->differentialFliter);
..\MATH\pid\pid.c: 1 warning, 0 errors
compiling explore_systick.c...
compiling Type_conversion.c...
compiling usart1.c...
..\HARDWARE\usart\usart1.c(166): warning:  #177-D: variable "err"  was declared but never referenced
  	OS_ERR err;
..\HARDWARE\usart\usart1.c: 1 warning, 0 errors
compiling led.c...
compiling spi.c...
compiling i2c.c...
compiling pwm.c...
compiling ADC.c...
compiling usart2.c...
..\HARDWARE\usart\usart2.c(166): warning:  #177-D: variable "err"  was declared but never referenced
  	OS_ERR err;
..\HARDWARE\usart\usart2.c: 1 warning, 0 errors
compiling DAC.c...
compiling key.c...
compiling usart4.c...
..\HARDWARE\usart\usart4.c(166): warning:  #177-D: variable "err"  was declared but never referenced
  	OS_ERR err;
..\HARDWARE\usart\usart4.c: 1 warning, 0 errors
compiling usart3.c...
..\HARDWARE\usart\usart3.c(166): warning:  #177-D: variable "err"  was declared but never referenced
  	OS_ERR err;
..\HARDWARE\usart\usart3.c: 1 warning, 0 errors
compiling os_cfg_app.c...
compiling os_app_hooks.c...
compiling os_core.c...
compiling os_dbg.c...
compiling os_flag.c...
compiling os_int.c...
compiling os_mem.c...
compiling os_msg.c...
compiling os_pend_multi.c...
compiling bsp.c...
compiling os_mutex.c...
compiling os_prio.c...
assembling cpu_a.asm...
compiling os_q.c...
compiling usart5.c...
..\HARDWARE\usart\usart5.c(171): warning:  #177-D: variable "err"  was declared but never referenced
  	OS_ERR err;
..\HARDWARE\usart\usart5.c: 1 warning, 0 errors
compiling os_sem.c...
compiling os_stat.c...
compiling os_tick.c...
compiling beep.c...
compiling cpu_c.c...
compiling cpu_core.c...
compiling os_task.c...
compiling os_var.c...
compiling os_time.c...
assembling lib_mem_a.asm...
assembling os_cpu_a.asm...
compiling os_tmr.c...
compiling lib_ascii.c...
compiling lib_math.c...
compiling lib_str.c...
compiling lib_mem.c...
compiling os_cpu_c.c...
linking...
Program Size: Code=48420 RO-data=1360 RW-data=248 ZI-data=27576  
FromELF: creating hex file...
"..\OBJ\Template.axf" - 0 Error(s), 7 Warning(s).

<h2>Software Packages used:</h2>

Package Vendor: Keil
                http://www.keil.com/pack/Keil.STM32F4xx_DFP.2.15.0.pack
                Keil.STM32F4xx_DFP.2.15.0
                STMicroelectronics STM32F4 Series Device Support, Drivers and Examples

<h2>Collection of Component include folders:</h2>
  .\RTE\_Template
  C:\yephiu\app\KEIL_pack\Keil\STM32F4xx_DFP\2.15.0\Drivers\CMSIS\Device\ST\STM32F4xx\Include

<h2>Collection of Component Files used:</h2>
Build Time Elapsed:  00:00:13
</pre>
</body>
</html>
