Component: ARM Compiler 5.06 update 6 (build 750) Tool: armlink [4d35ed]

==============================================================================

Section Cross References

    main.o(.text) refers to led.o(.text) for InitLED
    main.o(.text) refers to usart1.o(.text) for DriveUsart1Init
    main.o(.text) refers to usart2.o(.text) for DriveUSART2Init
    main.o(.text) refers to usart3.o(.text) for DriveUSART3Init
    main.o(.text) refers to usart4.o(.text) for DriveUART4Init
    main.o(.text) refers to usart5.o(.text) for DriveUART5Init
    main.o(.text) refers to pwm.o(.text) for InitPWM
    main.o(.text) refers to key.o(.text) for InitKEY
    main.o(.text) refers to beep.o(.text) for InitBEEP
    main.o(.text) refers to cpu_core.o(.text) for CPU_Init
    main.o(.text) refers to os_stat.o(.text) for OSStatTaskCPUUsageInit
    main.o(.text) refers to os_core.o(.text) for OSSchedRoundRobinCfg
    main.o(.text) refers to cpu_a.o(.text) for CPU_SR_Save
    main.o(.text) refers to os_task.o(.text) for OSTaskCreate
    main.o(.text) refers to explore_systick.o(.text) for HSE_SetSysClock
    main.o(.text) refers to misc.o(.text) for NVIC_PriorityGroupConfig
    main.o(.text) refers to main.o(.bss) for TEST_TASK_STK
    main.o(.text) refers to task.o(.text) for test_task
    system_stm32f4xx.o(.text) refers to system_stm32f4xx.o(.data) for SystemCoreClock
    task.o(.text) refers to usart2.o(.text) for DMA_USART2_Send
    task.o(.text) refers to os_time.o(.text) for OSTimeDlyHMSM
    startup_stm32f40_41xxx.o(STACK) refers (Special) to heapauxi.o(.text) for __use_two_region_memory
    startup_stm32f40_41xxx.o(HEAP) refers (Special) to heapauxi.o(.text) for __use_two_region_memory
    startup_stm32f40_41xxx.o(RESET) refers (Special) to heapauxi.o(.text) for __use_two_region_memory
    startup_stm32f40_41xxx.o(RESET) refers to startup_stm32f40_41xxx.o(STACK) for __initial_sp
    startup_stm32f40_41xxx.o(RESET) refers to startup_stm32f40_41xxx.o(.text) for Reset_Handler
    startup_stm32f40_41xxx.o(RESET) refers to stm32f4xx_it.o(.text) for NMI_Handler
    startup_stm32f40_41xxx.o(RESET) refers to os_cpu_a.o(CODE) for OS_CPU_PendSV_Handler
    startup_stm32f40_41xxx.o(RESET) refers to explore_systick.o(.text) for OS_CPU_SysTick_Handler
    startup_stm32f40_41xxx.o(RESET) refers to usart3.o(.text) for DMA1_Stream3_IRQHandler
    startup_stm32f40_41xxx.o(RESET) refers to usart4.o(.text) for DMA1_Stream4_IRQHandler
    startup_stm32f40_41xxx.o(RESET) refers to usart2.o(.text) for DMA1_Stream6_IRQHandler
    startup_stm32f40_41xxx.o(RESET) refers to usart1.o(.text) for USART1_IRQHandler
    startup_stm32f40_41xxx.o(RESET) refers to usart5.o(.text) for DMA1_Stream7_IRQHandler
    startup_stm32f40_41xxx.o(RESET) refers to tim.o(.text) for TIM7_IRQHandler
    startup_stm32f40_41xxx.o(RESET) refers to adc.o(.text) for DMA2_Stream0_IRQHandler
    startup_stm32f40_41xxx.o(.text) refers (Special) to heapauxi.o(.text) for __use_two_region_memory
    startup_stm32f40_41xxx.o(.text) refers to system_stm32f4xx.o(.text) for SystemInit
    startup_stm32f40_41xxx.o(.text) refers to __main.o(!!!main) for __main
    startup_stm32f40_41xxx.o(.text) refers to startup_stm32f40_41xxx.o(HEAP) for Heap_Mem
    startup_stm32f40_41xxx.o(.text) refers to startup_stm32f40_41xxx.o(STACK) for Stack_Mem
    stm32f4xx_adc.o(.text) refers to stm32f4xx_rcc.o(.text) for RCC_APB2PeriphResetCmd
    stm32f4xx_can.o(.text) refers to stm32f4xx_rcc.o(.text) for RCC_APB1PeriphResetCmd
    stm32f4xx_cryp.o(.text) refers to stm32f4xx_rcc.o(.text) for RCC_AHB2PeriphResetCmd
    stm32f4xx_cryp_aes.o(.text) refers to stm32f4xx_cryp.o(.text) for CRYP_KeyStructInit
    stm32f4xx_cryp_des.o(.text) refers to stm32f4xx_cryp.o(.text) for CRYP_KeyStructInit
    stm32f4xx_cryp_tdes.o(.text) refers to stm32f4xx_cryp.o(.text) for CRYP_KeyStructInit
    stm32f4xx_dac.o(.text) refers to stm32f4xx_rcc.o(.text) for RCC_APB1PeriphResetCmd
    stm32f4xx_dma2d.o(.text) refers to stm32f4xx_rcc.o(.text) for RCC_AHB1PeriphResetCmd
    stm32f4xx_fsmc.o(.text) refers to stm32f4xx_fsmc.o(.constdata) for FSMC_DefaultTimingStruct
    stm32f4xx_gpio.o(.text) refers to stm32f4xx_rcc.o(.text) for RCC_AHB1PeriphResetCmd
    stm32f4xx_hash.o(.text) refers to stm32f4xx_rcc.o(.text) for RCC_AHB2PeriphResetCmd
    stm32f4xx_hash_md5.o(.text) refers to stm32f4xx_hash.o(.text) for HASH_DeInit
    stm32f4xx_hash_sha1.o(.text) refers to stm32f4xx_hash.o(.text) for HASH_DeInit
    stm32f4xx_i2c.o(.text) refers to stm32f4xx_rcc.o(.text) for RCC_APB1PeriphResetCmd
    stm32f4xx_ltdc.o(.text) refers to stm32f4xx_rcc.o(.text) for RCC_APB2PeriphResetCmd
    stm32f4xx_pwr.o(.text) refers to stm32f4xx_rcc.o(.text) for RCC_APB1PeriphResetCmd
    stm32f4xx_rcc.o(.text) refers to stm32f4xx_rcc.o(.data) for APBAHBPrescTable
    stm32f4xx_rng.o(.text) refers to stm32f4xx_rcc.o(.text) for RCC_AHB2PeriphResetCmd
    stm32f4xx_sai.o(.text) refers to stm32f4xx_rcc.o(.text) for RCC_APB2PeriphResetCmd
[...]
    ADC_SetInjectedOffset                    0x08000a6b   Thumb Code    20  stm32f4xx_adc.o(.text)
    ADC_ExternalTrigInjectedConvConfig       0x08000a7f   Thumb Code    16  stm32f4xx_adc.o(.text)
    ADC_ExternalTrigInjectedConvEdgeConfig   0x08000a8f   Thumb Code    16  stm32f4xx_adc.o(.text)
    ADC_SoftwareStartInjectedConv            0x08000a9f   Thumb Code    10  stm32f4xx_adc.o(.text)
    ADC_GetSoftwareStartInjectedConvCmdStatus 0x08000aa9   Thumb Code    20  stm32f4xx_adc.o(.text)
    ADC_AutoInjectedConvCmd                  0x08000abd   Thumb Code    22  stm32f4xx_adc.o(.text)
    ADC_InjectedDiscModeCmd                  0x08000ad3   Thumb Code    22  stm32f4xx_adc.o(.text)
    ADC_GetInjectedConversionValue           0x08000ae9   Thumb Code    28  stm32f4xx_adc.o(.text)
    ADC_ITConfig                             0x08000b05   Thumb Code    56  stm32f4xx_adc.o(.text)
    ADC_GetFlagStatus                        0x08000b3d   Thumb Code    18  stm32f4xx_adc.o(.text)
    ADC_ClearFlag                            0x08000b4f   Thumb Code     6  stm32f4xx_adc.o(.text)
    ADC_GetITStatus                          0x08000b55   Thumb Code    38  stm32f4xx_adc.o(.text)
    ADC_ClearITPendingBit                    0x08000b7b   Thumb Code    10  stm32f4xx_adc.o(.text)
    DMA_DeInit                               0x08000b85   Thumb Code   324  stm32f4xx_dma.o(.text)
    DMA_Init                                 0x08000cc9   Thumb Code    82  stm32f4xx_dma.o(.text)
    DMA_StructInit                           0x08000d1b   Thumb Code    34  stm32f4xx_dma.o(.text)
    DMA_Cmd                                  0x08000d3d   Thumb Code    22  stm32f4xx_dma.o(.text)
    DMA_PeriphIncOffsetSizeConfig            0x08000d53   Thumb Code    22  stm32f4xx_dma.o(.text)
    DMA_FlowControllerConfig                 0x08000d69   Thumb Code    22  stm32f4xx_dma.o(.text)
    DMA_SetCurrDataCounter                   0x08000d7f   Thumb Code     4  stm32f4xx_dma.o(.text)
    DMA_GetCurrDataCounter                   0x08000d83   Thumb Code     8  stm32f4xx_dma.o(.text)
    DMA_DoubleBufferModeConfig               0x08000d8b   Thumb Code    24  stm32f4xx_dma.o(.text)
    DMA_DoubleBufferModeCmd                  0x08000da3   Thumb Code    22  stm32f4xx_dma.o(.text)
    DMA_MemoryTargetConfig                   0x08000db9   Thumb Code    10  stm32f4xx_dma.o(.text)
    DMA_GetCurrentMemoryTarget               0x08000dc3   Thumb Code    20  stm32f4xx_dma.o(.text)
    DMA_GetCmdStatus                         0x08000dd7   Thumb Code    20  stm32f4xx_dma.o(.text)
    DMA_GetFIFOStatus                        0x08000deb   Thumb Code    12  stm32f4xx_dma.o(.text)
    DMA_GetFlagStatus                        0x08000df7   Thumb Code    56  stm32f4xx_dma.o(.text)
    DMA_ClearFlag                            0x08000e2f   Thumb Code    40  stm32f4xx_dma.o(.text)
    DMA_ITConfig                             0x08000e57   Thumb Code    58  stm32f4xx_dma.o(.text)
    DMA_GetITStatus                          0x08000e91   Thumb Code    84  stm32f4xx_dma.o(.text)
    DMA_ClearITPendingBit                    0x08000ee5   Thumb Code    40  stm32f4xx_dma.o(.text)
    GPIO_DeInit                              0x08000f2d   Thumb Code   268  stm32f4xx_gpio.o(.text)
    GPIO_Init                                0x08001039   Thumb Code   144  stm32f4xx_gpio.o(.text)
    GPIO_StructInit                          0x080010c9   Thumb Code    18  stm32f4xx_gpio.o(.text)
    GPIO_PinLockConfig                       0x080010db   Thumb Code    34  stm32f4xx_gpio.o(.text)
    GPIO_ReadInputDataBit                    0x080010fd   Thumb Code    18  stm32f4xx_gpio.o(.text)
    GPIO_ReadInputData                       0x0800110f   Thumb Code     8  stm32f4xx_gpio.o(.text)
    GPIO_ReadOutputDataBit                   0x08001117   Thumb Code    18  stm32f4xx_gpio.o(.text)
    GPIO_ReadOutputData                      0x08001129   Thumb Code     8  stm32f4xx_gpio.o(.text)
    GPIO_SetBits                             0x08001131   Thumb Code     4  stm32f4xx_gpio.o(.text)
    GPIO_ResetBits                           0x08001135   Thumb Code     4  stm32f4xx_gpio.o(.text)
    GPIO_WriteBit                            0x08001139   Thumb Code    10  stm32f4xx_gpio.o(.text)
    GPIO_Write                               0x08001143   Thumb Code     4  stm32f4xx_gpio.o(.text)
    GPIO_ToggleBits                          0x08001147   Thumb Code     8  stm32f4xx_gpio.o(.text)
    GPIO_PinAFConfig                         0x0800114f   Thumb Code    70  stm32f4xx_gpio.o(.text)
    RCC_DeInit                               0x080011c1   Thumb Code    82  stm32f4xx_rcc.o(.text)
    RCC_HSEConfig                            0x08001213   Thumb Code    14  stm32f4xx_rcc.o(.text)
    RCC_GetFlagStatus                        0x08001221   Thumb Code    60  stm32f4xx_rcc.o(.text)
    RCC_WaitForHSEStartUp                    0x0800125d   Thumb Code    56  stm32f4xx_rcc.o(.text)
    RCC_AdjustHSICalibrationValue            0x08001295   Thumb Code    20  stm32f4xx_rcc.o(.text)
    RCC_HSICmd                               0x080012a9   Thumb Code     6  stm32f4xx_rcc.o(.text)
    RCC_LSEConfig                            0x080012af   Thumb Code    46  stm32f4xx_rcc.o(.text)
    RCC_LSICmd                               0x080012dd   Thumb Code     6  stm32f4xx_rcc.o(.text)
    RCC_PLLConfig                            0x080012e3   Thumb Code    32  stm32f4xx_rcc.o(.text)
    RCC_PLLCmd                               0x08001303   Thumb Code     6  stm32f4xx_rcc.o(.text)
    RCC_PLLI2SConfig                         0x08001309   Thumb Code    14  stm32f4xx_rcc.o(.text)
    RCC_PLLI2SCmd                            0x08001317   Thumb Code     6  stm32f4xx_rcc.o(.text)
    RCC_PLLSAIConfig                         0x0800131d   Thumb Code    20  stm32f4xx_rcc.o(.text)
    RCC_PLLSAICmd                            0x08001331   Thumb Code     6  stm32f4xx_rcc.o(.text)
    RCC_ClockSecuritySystemCmd               0x08001337   Thumb Code     6  stm32f4xx_rcc.o(.text)
    RCC_MCO1Config                           0x0800133d   Thumb Code    28  stm32f4xx_rcc.o(.text)
    RCC_MCO2Config                           0x08001359   Thumb Code    28  stm32f4xx_rcc.o(.text)
    RCC_SYSCLKConfig                         0x08001375   Thumb Code    20  stm32f4xx_rcc.o(.text)
    RCC_GetSYSCLKSource                      0x08001389   Thumb Code    12  stm32f4xx_rcc.o(.text)
    RCC_HCLKConfig                           0x08001395   Thumb Code    20  stm32f4xx_rcc.o(.text)
    RCC_PCLK1Config                          0x080013a9   Thumb Code    20  stm32f4xx_rcc.o(.text)
    RCC_PCLK2Config                          0x080013bd   Thumb Code    22  stm32f4xx_rcc.o(.text)
    RCC_GetClocksFreq                        0x080013d3   Thumb Code   222  stm32f4xx_rcc.o(.text)
    RCC_RTCCLKConfig                         0x080014b1   Thumb Code    54  stm32f4xx_rcc.o(.text)
    RCC_RTCCLKCmd                            0x080014e7   Thumb Code     8  stm32f4xx_rcc.o(.text)
    RCC_BackupResetCmd                       0x080014ef   Thumb Code     8  stm32f4xx_rcc.o(.text)
    RCC_I2SCLKConfig                         0x080014f7   Thumb Code     6  stm32f4xx_rcc.o(.text)
    RCC_SAIPLLI2SClkDivConfig                0x080014fd   Thumb Code    26  stm32f4xx_rcc.o(.text)
    RCC_SAIPLLSAIClkDivConfig                0x08001517   Thumb Code    28  stm32f4xx_rcc.o(.text)
    RCC_SAIBlockACLKConfig                   0x08001533   Thumb Code    20  stm32f4xx_rcc.o(.text)
    RCC_SAIBlockBCLKConfig                   0x08001547   Thumb Code    20  stm32f4xx_rcc.o(.text)
    RCC_LTDCCLKDivConfig                     0x0800155b   Thumb Code    20  stm32f4xx_rcc.o(.text)
    RCC_TIMCLKPresConfig                     0x0800156f   Thumb Code     6  stm32f4xx_rcc.o(.text)
    RCC_AHB1PeriphClockCmd                   0x08001575   Thumb Code    34  stm32f4xx_rcc.o(.text)
    RCC_AHB2PeriphClockCmd                   0x08001597   Thumb Code    78  stm32f4xx_rcc.o(.text)
    RCC_AHB3PeriphClockCmd                   0x080015e5   Thumb Code    34  stm32f4xx_rcc.o(.text)
    RCC_APB1PeriphClockCmd                   0x08001607   Thumb Code    34  stm32f4xx_rcc.o(.text)
    RCC_APB2PeriphClockCmd                   0x08001629   Thumb Code    34  stm32f4xx_rcc.o(.text)
    RCC_AHB1PeriphResetCmd                   0x0800164b   Thumb Code    34  stm32f4xx_rcc.o(.text)
    RCC_AHB2PeriphResetCmd                   0x0800166d   Thumb Code    34  stm32f4xx_rcc.o(.text)
    RCC_AHB3PeriphResetCmd                   0x0800168f   Thumb Code    34  stm32f4xx_rcc.o(.text)
    RCC_APB1PeriphResetCmd                   0x080016b1   Thumb Code    34  stm32f4xx_rcc.o(.text)
    RCC_APB2PeriphResetCmd                   0x080016d3   Thumb Code    34  stm32f4xx_rcc.o(.text)
    RCC_AHB1PeriphClockLPModeCmd             0x080016f5   Thumb Code    34  stm32f4xx_rcc.o(.text)
    RCC_AHB2PeriphClockLPModeCmd             0x08001717   Thumb Code    34  stm32f4xx_rcc.o(.text)
    RCC_AHB3PeriphClockLPModeCmd             0x08001739   Thumb Code    34  stm32f4xx_rcc.o(.text)
    RCC_APB1PeriphClockLPModeCmd             0x0800175b   Thumb Code    34  stm32f4xx_rcc.o(.text)
    RCC_APB2PeriphClockLPModeCmd             0x0800177d   Thumb Code    34  stm32f4xx_rcc.o(.text)
    RCC_LSEModeConfig                        0x0800179f   Thumb Code    40  stm32f4xx_rcc.o(.text)
    RCC_ITConfig                             0x080017c7   Thumb Code    34  stm32f4xx_rcc.o(.text)
    RCC_ClearFlag                            0x080017e9   Thumb Code    18  stm32f4xx_rcc.o(.text)
    RCC_GetITStatus                          0x080017fb   Thumb Code    22  stm32f4xx_rcc.o(.text)
    RCC_ClearITPendingBit                    0x08001811   Thumb Code     8  stm32f4xx_rcc.o(.text)
    TIM_DeInit                               0x0800181d   Thumb Code   346  stm32f4xx_tim.o(.text)
    TIM_TimeBaseInit                         0x08001977   Thumb Code   104  stm32f4xx_tim.o(.text)
    TIM_TimeBaseStructInit                   0x080019df   Thumb Code    18  stm32f4xx_tim.o(.text)
    TIM_PrescalerConfig                      0x080019f1   Thumb Code     6  stm32f4xx_tim.o(.text)
    TIM_CounterModeConfig                    0x080019f7   Thumb Code    18  stm32f4xx_tim.o(.text)
    TIM_SetCounter                           0x08001a09   Thumb Code     4  stm32f4xx_tim.o(.text)
    TIM_SetAutoreload                        0x08001a0d   Thumb Code     4  stm32f4xx_tim.o(.text)
    TIM_GetCounter                           0x08001a11   Thumb Code     6  stm32f4xx_tim.o(.text)
    TIM_GetPrescaler                         0x08001a17   Thumb Code     6  stm32f4xx_tim.o(.text)
    TIM_UpdateDisableConfig                  0x08001a1d   Thumb Code    24  stm32f4xx_tim.o(.text)
    TIM_UpdateRequestConfig                  0x08001a35   Thumb Code    24  stm32f4xx_tim.o(.text)
    TIM_ARRPreloadConfig                     0x08001a4d   Thumb Code    24  stm32f4xx_tim.o(.text)
    TIM_SelectOnePulseMode                   0x08001a65   Thumb Code    18  stm32f4xx_tim.o(.text)
    TIM_SetClockDivision                     0x08001a77   Thumb Code    18  stm32f4xx_tim.o(.text)
    TIM_Cmd                                  0x08001a89   Thumb Code    24  stm32f4xx_tim.o(.text)
    TIM_OC1Init                              0x08001aa1   Thumb Code   114  stm32f4xx_tim.o(.text)
    TIM_OC2Init                              0x08001b13   Thumb Code   154  stm32f4xx_tim.o(.text)
    TIM_OC3Init                              0x08001bad   Thumb Code   204  stm32f4xx_tim.o(.text)
    TIM_OC4Init                              0x08001c79   Thumb Code   112  stm32f4xx_tim.o(.text)
    TIM_OCStructInit                         0x08001ce9   Thumb Code    20  stm32f4xx_tim.o(.text)
    TIM_SelectOCxM                           0x08001cfd   Thumb Code    86  stm32f4xx_tim.o(.text)
    TIM_SetCompare1                          0x08001d53   Thumb Code     4  stm32f4xx_tim.o(.text)
    TIM_SetCompare2                          0x08001d57   Thumb Code     4  stm32f4xx_tim.o(.text)
    TIM_SetCompare3                          0x08001d5b   Thumb Code     4  stm32f4xx_tim.o(.text)
    TIM_SetCompare4                          0x08001d5f   Thumb Code     4  stm32f4xx_tim.o(.text)
    TIM_ForcedOC1Config                      0x08001d63   Thumb Code    18  stm32f4xx_tim.o(.text)
    TIM_ForcedOC2Config                      0x08001d75   Thumb Code    26  stm32f4xx_tim.o(.text)
    TIM_ForcedOC3Config                      0x08001d8f   Thumb Code    18  stm32f4xx_tim.o(.text)
    TIM_ForcedOC4Config                      0x08001da1   Thumb Code    26  stm32f4xx_tim.o(.text)
    TIM_OC1PreloadConfig                     0x08001dbb   Thumb Code    18  stm32f4xx_tim.o(.text)
    TIM_OC2PreloadConfig                     0x08001dcd   Thumb Code    26  stm32f4xx_tim.o(.text)
    TIM_OC3PreloadConfig                     0x08001de7   Thumb Code    18  stm32f4xx_tim.o(.text)
    TIM_OC4PreloadConfig                     0x08001df9   Thumb Code    26  stm32f4xx_tim.o(.text)
    TIM_OC1FastConfig                        0x08001e13   Thumb Code    18  stm32f4xx_tim.o(.text)
    TIM_OC2FastConfig                        0x08001e25   Thumb Code    26  stm32f4xx_tim.o(.text)
    TIM_OC3FastConfig                        0x08001e3f   Thumb Code    18  stm32f4xx_tim.o(.text)
    TIM_OC4FastConfig                        0x08001e51   Thumb Code    26  stm32f4xx_tim.o(.text)
    TIM_ClearOC1Ref                          0x08001e6b   Thumb Code    18  stm32f4xx_tim.o(.text)
    TIM_ClearOC2Ref                          0x08001e7d   Thumb Code    24  stm32f4xx_tim.o(.text)
    TIM_ClearOC3Ref                          0x08001e95   Thumb Code    18  stm32f4xx_tim.o(.text)
    TIM_ClearOC4Ref                          0x08001ea7   Thumb Code    24  stm32f4xx_tim.o(.text)
    TIM_OC1PolarityConfig                    0x08001ebf   Thumb Code    18  stm32f4xx_tim.o(.text)
    TIM_OC1NPolarityConfig                   0x08001ed1   Thumb Code    18  stm32f4xx_tim.o(.text)
    TIM_OC2PolarityConfig                    0x08001ee3   Thumb Code    26  stm32f4xx_tim.o(.text)
    TIM_OC2NPolarityConfig                   0x08001efd   Thumb Code    26  stm32f4xx_tim.o(.text)
    TIM_OC3PolarityConfig                    0x08001f17   Thumb Code    26  stm32f4xx_tim.o(.text)
    TIM_OC3NPolarityConfig                   0x08001f31   Thumb Code    26  stm32f4xx_tim.o(.text)
    TIM_OC4PolarityConfig                    0x08001f4b   Thumb Code    26  stm32f4xx_tim.o(.text)
    TIM_CCxCmd                               0x08001f65   Thumb Code    30  stm32f4xx_tim.o(.text)
    TIM_CCxNCmd                              0x08001f83   Thumb Code    30  stm32f4xx_tim.o(.text)
    TIM_SetIC4Prescaler                      0x08001fa1   Thumb Code    26  stm32f4xx_tim.o(.text)
    TIM_SetIC3Prescaler                      0x0800200b   Thumb Code    18  stm32f4xx_tim.o(.text)
    TIM_SetIC2Prescaler                      0x08002065   Thumb Code    26  stm32f4xx_tim.o(.text)
    TIM_SetIC1Prescaler                      0x080020d9   Thumb Code    18  stm32f4xx_tim.o(.text)
    TIM_ICInit                               0x08002125   Thumb Code   110  stm32f4xx_tim.o(.text)
    TIM_ICStructInit                         0x08002193   Thumb Code    18  stm32f4xx_tim.o(.text)
    TIM_PWMIConfig                           0x080021a5   Thumb Code   124  stm32f4xx_tim.o(.text)
    TIM_GetCapture1                          0x08002221   Thumb Code     6  stm32f4xx_tim.o(.text)
    TIM_GetCapture2                          0x08002227   Thumb Code     6  stm32f4xx_tim.o(.text)
    TIM_GetCapture3                          0x0800222d   Thumb Code     6  stm32f4xx_tim.o(.text)
    TIM_GetCapture4                          0x08002233   Thumb Code     6  stm32f4xx_tim.o(.text)
    TIM_BDTRConfig                           0x08002239   Thumb Code    32  stm32f4xx_tim.o(.text)
    TIM_BDTRStructInit                       0x08002259   Thumb Code    18  stm32f4xx_tim.o(.text)
    TIM_CtrlPWMOutputs                       0x0800226b   Thumb Code    30  stm32f4xx_tim.o(.text)
    TIM_SelectCOM                            0x08002289   Thumb Code    24  stm32f4xx_tim.o(.text)
    TIM_CCPreloadControl                     0x080022a1   Thumb Code    24  stm32f4xx_tim.o(.text)
    TIM_ITConfig                             0x080022b9   Thumb Code    18  stm32f4xx_tim.o(.text)
    TIM_GenerateEvent                        0x080022cb   Thumb Code     4  stm32f4xx_tim.o(.text)
    TIM_GetFlagStatus                        0x080022cf   Thumb Code    18  stm32f4xx_tim.o(.text)
    TIM_ClearFlag                            0x080022e1   Thumb Code     6  stm32f4xx_tim.o(.text)
    TIM_GetITStatus                          0x080022e7   Thumb Code    34  stm32f4xx_tim.o(.text)
    TIM_ClearITPendingBit                    0x08002309   Thumb Code     6  stm32f4xx_tim.o(.text)
    TIM_DMAConfig                            0x0800230f   Thumb Code    10  stm32f4xx_tim.o(.text)
    TIM_DMACmd                               0x08002319   Thumb Code    18  stm32f4xx_tim.o(.text)
    TIM_SelectCCDMA                          0x0800232b   Thumb Code    24  stm32f4xx_tim.o(.text)
    TIM_InternalClockConfig                  0x08002343   Thumb Code    12  stm32f4xx_tim.o(.text)
    TIM_SelectInputTrigger                   0x0800234f   Thumb Code    18  stm32f4xx_tim.o(.text)
    TIM_ITRxExternalClockConfig              0x08002361   Thumb Code    24  stm32f4xx_tim.o(.text)
    TIM_TIxExternalClockConfig               0x08002379   Thumb Code    62  stm32f4xx_tim.o(.text)
    TIM_ETRConfig                            0x080023b7   Thumb Code    28  stm32f4xx_tim.o(.text)
    TIM_ETRClockMode1Config                  0x080023d3   Thumb Code    54  stm32f4xx_tim.o(.text)
    TIM_ETRClockMode2Config                  0x08002409   Thumb Code    32  stm32f4xx_tim.o(.text)
    TIM_SelectOutputTrigger                  0x08002429   Thumb Code    18  stm32f4xx_tim.o(.text)
    TIM_SelectSlaveMode                      0x0800243b   Thumb Code    18  stm32f4xx_tim.o(.text)
    TIM_SelectMasterSlaveMode                0x0800244d   Thumb Code    18  stm32f4xx_tim.o(.text)
    TIM_EncoderInterfaceConfig               0x0800245f   Thumb Code    66  stm32f4xx_tim.o(.text)
    TIM_SelectHallSensor                     0x080024a1   Thumb Code    24  stm32f4xx_tim.o(.text)
    TIM_RemapConfig                          0x080024b9   Thumb Code     6  stm32f4xx_tim.o(.text)
    USART_DeInit                             0x080024c1   Thumb Code   206  stm32f4xx_usart.o(.text)
    USART_Init                               0x0800258f   Thumb Code   204  stm32f4xx_usart.o(.text)
    USART_StructInit                         0x0800265b   Thumb Code    24  stm32f4xx_usart.o(.text)
    USART_ClockInit                          0x08002673   Thumb Code    32  stm32f4xx_usart.o(.text)
    USART_ClockStructInit                    0x08002693   Thumb Code    12  stm32f4xx_usart.o(.text)
    USART_Cmd                                0x0800269f   Thumb Code    24  stm32f4xx_usart.o(.text)
    USART_SetPrescaler                       0x080026b7   Thumb Code    16  stm32f4xx_usart.o(.text)
    USART_OverSampling8Cmd                   0x080026c7   Thumb Code    22  stm32f4xx_usart.o(.text)
    USART_OneBitMethodCmd                    0x080026dd   Thumb Code    24  stm32f4xx_usart.o(.text)
    USART_SendData                           0x080026f5   Thumb Code     8  stm32f4xx_usart.o(.text)
    USART_ReceiveData                        0x080026fd   Thumb Code    10  stm32f4xx_usart.o(.text)
    USART_SetAddress                         0x08002707   Thumb Code    18  stm32f4xx_usart.o(.text)
    USART_ReceiverWakeUpCmd                  0x08002719   Thumb Code    24  stm32f4xx_usart.o(.text)
    USART_WakeUpConfig                       0x08002731   Thumb Code    18  stm32f4xx_usart.o(.text)
    USART_LINBreakDetectLengthConfig         0x08002743   Thumb Code    18  stm32f4xx_usart.o(.text)
    USART_LINCmd                             0x08002755   Thumb Code    24  stm32f4xx_usart.o(.text)
    USART_SendBreak                          0x0800276d   Thumb Code    10  stm32f4xx_usart.o(.text)
    USART_HalfDuplexCmd                      0x08002777   Thumb Code    24  stm32f4xx_usart.o(.text)
    USART_SetGuardTime                       0x0800278f   Thumb Code    16  stm32f4xx_usart.o(.text)
    USART_SmartCardCmd                       0x0800279f   Thumb Code    24  stm32f4xx_usart.o(.text)
    USART_SmartCardNACKCmd                   0x080027b7   Thumb Code    24  stm32f4xx_usart.o(.text)
    USART_IrDAConfig                         0x080027cf   Thumb Code    18  stm32f4xx_usart.o(.text)
    USART_IrDACmd                            0x080027e1   Thumb Code    24  stm32f4xx_usart.o(.text)
    USART_DMACmd                             0x080027f9   Thumb Code    18  stm32f4xx_usart.o(.text)
    USART_ITConfig                           0x0800280b   Thumb Code    74  stm32f4xx_usart.o(.text)
    USART_GetFlagStatus                      0x08002855   Thumb Code    26  stm32f4xx_usart.o(.text)
    USART_ClearFlag                          0x0800286f   Thumb Code    18  stm32f4xx_usart.o(.text)
    USART_GetITStatus                        0x08002881   Thumb Code   118  stm32f4xx_usart.o(.text)
    USART_ClearITPendingBit                  0x080028f7   Thumb Code    30  stm32f4xx_usart.o(.text)
    delay_osschedlock                        0x08002915   Thumb Code    10  explore_systick.o(.text)
    delay_osschedunlock                      0x0800291f   Thumb Code    10  explore_systick.o(.text)
    delay_ostimedly                          0x08002929   Thumb Code    16  explore_systick.o(.text)
    OS_CPU_SysTick_Handler                   0x08002939   Thumb Code    24  explore_systick.o(.text)
    Systick_Init                             0x08002951   Thumb Code    94  explore_systick.o(.text)
    delay_us                                 0x080029af   Thumb Code    84  explore_systick.o(.text)
    delay_ms                                 0x08002a03   Thumb Code    66  explore_systick.o(.text)
    HSE_SetSysClock                          0x08002a45   Thumb Code   148  explore_systick.o(.text)
    InitLED                                  0x08002afd   Thumb Code   100  led.o(.text)
    LED_FLOW                                 0x08002b61   Thumb Code   148  led.o(.text)
    InitTIM                                  0x08002c67   Thumb Code    14  tim.o(.text)
    TIM7_IRQHandler                          0x08002c75   Thumb Code    24  tim.o(.text)
    DriveUsart1Init                          0x08002e7b   Thumb Code    20  usart1.o(.text)
    USART1_IRQHandler                        0x08002e8f   Thumb Code   142  usart1.o(.text)
    DMA2_Stream7_IRQHandler                  0x08002f1d   Thumb Code    54  usart1.o(.text)
    DMA_USART1_Send                          0x08002f53   Thumb Code    46  usart1.o(.text)
    DriveUSART2Init                          0x08003189   Thumb Code    20  usart2.o(.text)
    USART2_IRQHandler                        0x0800319d   Thumb Code   144  usart2.o(.text)
    DMA1_Stream6_IRQHandler                  0x0800322d   Thumb Code    50  usart2.o(.text)
    DMA_USART2_Send                          0x0800325f   Thumb Code    46  usart2.o(.text)
    DriveUSART3Init                          0x0800349b   Thumb Code    20  usart3.o(.text)
    USART3_IRQHandler                        0x080034af   Thumb Code   144  usart3.o(.text)
    DMA1_Stream3_IRQHandler                  0x0800353f   Thumb Code    54  usart3.o(.text)
    DMA_USART3_Send                          0x08003575   Thumb Code    46  usart3.o(.text)
    DriveUART4Init                           0x080037ad   Thumb Code    20  usart4.o(.text)
    UART4_IRQHandler                         0x080037c1   Thumb Code   144  usart4.o(.text)
    DMA1_Stream4_IRQHandler                  0x08003851   Thumb Code    50  usart4.o(.text)
    DMA_UART4_Send                           0x08003883   Thumb Code    46  usart4.o(.text)
    InitPWM                                  0x080038d1   Thumb Code   160  pwm.o(.text)
    InitADC                                  0x08003979   Thumb Code   306  adc.o(.text)
    ADC_Conver                               0x08003aab   Thumb Code    48  adc.o(.text)
    DMA2_Stream0_IRQHandler                  0x08003adb   Thumb Code    24  adc.o(.text)
    InitKEY                                  0x08003b15   Thumb Code    72  key.o(.text)
    DriveUART5Init                           0x08003d6b   Thumb Code    20  usart5.o(.text)
    UART5_IRQHandler                         0x08003d7f   Thumb Code   142  usart5.o(.text)
    DMA1_Stream7_IRQHandler                  0x08003e0d   Thumb Code    54  usart5.o(.text)
    DMA_UART5_Send                           0x08003e43   Thumb Code    46  usart5.o(.text)
    InitBEEP                                 0x08003e91   Thumb Code    64  beep.o(.text)
    BSP_CPU_ClkFreq                          0x08003ed5   Thumb Code    14  bsp.o(.text)
    CPU_TS_TmrInit                           0x08003ee3   Thumb Code    44  bsp.o(.text)
    CPU_TS_TmrRd                             0x08003f0f   Thumb Code     6  bsp.o(.text)
    CPU_TS32_to_uSec                         0x08003f15   Thumb Code    54  bsp.o(.text)
    OSCfg_Init                               0x08003f59   Thumb Code     2  os_cfg_app.o(.text)
    OS_IdleTask                              0x08003f5d   Thumb Code    60  os_core.o(.text)
    OS_IdleTaskInit                          0x08003f99   Thumb Code    68  os_core.o(.text)
    OS_RdyListInit                           0x08003fdd   Thumb Code    32  os_core.o(.text)
    OSInit                                   0x08003ffd   Thumb Code   288  os_core.o(.text)
    OSIntEnter                               0x0800411d   Thumb Code    34  os_core.o(.text)
    OSIntExit                                0x0800413f   Thumb Code   188  os_core.o(.text)
    OSSched                                  0x080041fb   Thumb Code   130  os_core.o(.text)
    OS_SchedLockTimeMeasStart                0x0800427d   Thumb Code    20  os_core.o(.text)
    OSSchedLock                              0x08004291   Thumb Code   104  os_core.o(.text)
    OS_SchedLockTimeMeasStop                 0x080042f9   Thumb Code    44  os_core.o(.text)
    OSSchedUnlock                            0x08004325   Thumb Code   288  os_core.o(.text)
    OSSchedRoundRobinCfg                     0x08004445   Thumb Code    88  os_core.o(.text)
    OS_RdyListMoveHeadToTail                 0x0800449d   Thumb Code    68  os_core.o(.text)
    OSSchedRoundRobinYield                   0x080044e1   Thumb Code   164  os_core.o(.text)
    OSStart                                  0x08004585   Thumb Code    78  os_core.o(.text)
    OSVersion                                0x080045d3   Thumb Code    12  os_core.o(.text)
    OS_PendDbgNameAdd                        0x080045df   Thumb Code    66  os_core.o(.text)
    OS_PendListInsertPrio                    0x08004621   Thumb Code   102  os_core.o(.text)
    OS_PendDataInit                          0x08004687   Thumb Code    38  os_core.o(.text)
    OS_RdyListRemove                         0x080046ad   Thumb Code    86  os_core.o(.text)
    OS_TaskBlock                             0x08004703   Thumb Code    56  os_core.o(.text)
    OS_Pend                                  0x0800473b   Thumb Code    98  os_core.o(.text)
    OS_PendListRemove1                       0x0800479d   Thumb Code   136  os_core.o(.text)
    OS_PendListRemove                        0x08004825   Thumb Code    48  os_core.o(.text)
    OS_PendAbort1                            0x08004855   Thumb Code    36  os_core.o(.text)
    OS_RdyListInsertHead                     0x08004879   Thumb Code    58  os_core.o(.text)
    OS_RdyListInsertTail                     0x080048b3   Thumb Code    56  os_core.o(.text)
    OS_RdyListInsert                         0x080048eb   Thumb Code    40  os_core.o(.text)
    OS_TaskRdy                               0x08004913   Thumb Code    28  os_core.o(.text)
    OS_PendAbort                             0x0800492f   Thumb Code   166  os_core.o(.text)
    OS_PendDbgNameRemove                     0x080049d5   Thumb Code    34  os_core.o(.text)
    OS_PendListChangePrio                    0x080049f7   Thumb Code    70  os_core.o(.text)
    OS_PendListInit                          0x08004a3d   Thumb Code    10  os_core.o(.text)
    OS_PendListInsertHead                    0x08004a47   Thumb Code    32  os_core.o(.text)
    OS_PendObjDel1                           0x08004a67   Thumb Code    36  os_core.o(.text)
    OS_PendObjDel                            0x08004a8b   Thumb Code   162  os_core.o(.text)
    OS_Post1                                 0x08004b2d   Thumb Code    42  os_core.o(.text)
    OS_Post                                  0x08004b57   Thumb Code   192  os_core.o(.text)
    OS_SchedRoundRobin                       0x08004c17   Thumb Code   208  os_core.o(.text)
    OS_Dbg_Init                              0x08004cf1   Thumb Code   148  os_dbg.o(.text)
    OS_FlagDbgListAdd                        0x08004e9d   Thumb Code    38  os_flag.o(.text)
    OSFlagCreate                             0x08004ec3   Thumb Code   116  os_flag.o(.text)
    OS_FlagClr                               0x08004f37   Thumb Code    28  os_flag.o(.text)
    OS_FlagDbgListRemove                     0x08004f53   Thumb Code    44  os_flag.o(.text)
    OSFlagDel                                0x08004f7f   Thumb Code   306  os_flag.o(.text)
    OS_FlagBlock                             0x080050b1   Thumb Code    58  os_flag.o(.text)
    OSFlagPend                               0x080050eb   Thumb Code  1248  os_flag.o(.text)
    OSFlagPendAbort                          0x080055cb   Thumb Code   236  os_flag.o(.text)
    OSFlagPendGetFlagsRdy                    0x080056b7   Thumb Code    86  os_flag.o(.text)
    OS_FlagTaskRdy                           0x0800570d   Thumb Code    86  os_flag.o(.text)
    OS_FlagPost                              0x08005763   Thumb Code   418  os_flag.o(.text)
    OSFlagPost                               0x08005905   Thumb Code   112  os_flag.o(.text)
    OS_FlagInit                              0x08005975   Thumb Code    14  os_flag.o(.text)
    OS_MemDbgListAdd                         0x08005995   Thumb Code    34  os_mem.o(.text)
    OSMemCreate                              0x080059b7   Thumb Code   232  os_mem.o(.text)
    OSMemGet                                 0x08005a9f   Thumb Code   100  os_mem.o(.text)
    OSMemPut                                 0x08005b03   Thumb Code   112  os_mem.o(.text)
    OS_MemInit                               0x08005b73   Thumb Code    14  os_mem.o(.text)
    OS_MsgPoolInit                           0x08005b91   Thumb Code   110  os_msg.o(.text)
    OS_MsgQFreeAll                           0x08005bff   Thumb Code    62  os_msg.o(.text)
    OS_MsgQInit                              0x08005c3d   Thumb Code    14  os_msg.o(.text)
    OS_MsgQGet                               0x08005c4b   Thumb Code    98  os_msg.o(.text)
    OS_MsgQPut                               0x08005cad   Thumb Code   254  os_msg.o(.text)
    OS_MutexDbgListAdd                       0x08005db9   Thumb Code    38  os_mutex.o(.text)
    OSMutexCreate                            0x08005ddf   Thumb Code   122  os_mutex.o(.text)
    OS_MutexClr                              0x08005e59   Thumb Code    38  os_mutex.o(.text)
    OS_MutexDbgListRemove                    0x08005e7f   Thumb Code    44  os_mutex.o(.text)
    OSMutexDel                               0x08005eab   Thumb Code   442  os_mutex.o(.text)
    OSMutexPend                              0x08006065   Thumb Code   618  os_mutex.o(.text)
    OSMutexPendAbort                         0x080062cf   Thumb Code   236  os_mutex.o(.text)
    OSMutexPost                              0x080063bb   Thumb Code   354  os_mutex.o(.text)
    OS_MutexInit                             0x0800651d   Thumb Code    14  os_mutex.o(.text)
    OS_PrioInit                              0x08006545   Thumb Code    20  os_prio.o(.text)
    OS_PrioGetHighest                        0x08006559   Thumb Code    36  os_prio.o(.text)
    OS_PrioInsert                            0x0800657d   Thumb Code    32  os_prio.o(.text)
    OS_PrioRemove                            0x0800659d   Thumb Code    32  os_prio.o(.text)
    OS_QDbgListAdd                           0x080065c1   Thumb Code    38  os_q.o(.text)
    OSQCreate                                0x080065e7   Thumb Code   130  os_q.o(.text)
    OS_QClr                                  0x08006669   Thumb Code    40  os_q.o(.text)
    OS_QDbgListRemove                        0x08006691   Thumb Code    44  os_q.o(.text)
    OSQDel                                   0x080066bd   Thumb Code   306  os_q.o(.text)
    OSQFlush                                 0x080067ef   Thumb Code   106  os_q.o(.text)
    OSQPend                                  0x08006859   Thumb Code   484  os_q.o(.text)
    OSQPendAbort                             0x08006a3d   Thumb Code   236  os_q.o(.text)
    OS_QPost                                 0x08006b29   Thumb Code   190  os_q.o(.text)
    OSQPost                                  0x08006be7   Thumb Code   144  os_q.o(.text)
    OS_QInit                                 0x08006c77   Thumb Code    14  os_q.o(.text)
    OS_SemDbgListAdd                         0x08006c99   Thumb Code    38  os_sem.o(.text)
    OSSemCreate                              0x08006cbf   Thumb Code   116  os_sem.o(.text)
    OS_SemClr                                0x08006d33   Thumb Code    28  os_sem.o(.text)
    OS_SemDbgListRemove                      0x08006d4f   Thumb Code    44  os_sem.o(.text)
    OSSemDel                                 0x08006d7b   Thumb Code   306  os_sem.o(.text)
    OSSemPend                                0x08006ead   Thumb Code   406  os_sem.o(.text)
    OSSemPendAbort                           0x08007043   Thumb Code   278  os_sem.o(.text)
    OS_SemPost                               0x08007159   Thumb Code   294  os_sem.o(.text)
    OSSemPost                                0x0800727f   Thumb Code   108  os_sem.o(.text)
    OSSemSet                                 0x080072eb   Thumb Code   120  os_sem.o(.text)
    OS_SemInit                               0x08007363   Thumb Code    14  os_sem.o(.text)
    OSStatReset                              0x08007381   Thumb Code   262  os_stat.o(.text)
    OSStatTaskCPUUsageInit                   0x08007487   Thumb Code   212  os_stat.o(.text)
    OS_StatTask                              0x0800755b   Thumb Code   768  os_stat.o(.text)
    OS_StatTaskInit                          0x0800785b   Thumb Code   138  os_stat.o(.text)
    OSTaskChangePrio                         0x08007929   Thumb Code   274  os_task.o(.text)
    OS_TaskDbgListAdd                        0x08007a3b   Thumb Code    42  os_task.o(.text)
    OS_TaskInitTCB                           0x08007a65   Thumb Code   186  os_task.o(.text)
    OSTaskCreate                             0x08007b1f   Thumb Code   412  os_task.o(.text)
    OS_TaskDbgListRemove                     0x08007cbb   Thumb Code    64  os_task.o(.text)
    OSTaskDel                                0x08007cfb   Thumb Code   324  os_task.o(.text)
    OSTaskQFlush                             0x08007e3f   Thumb Code   110  os_task.o(.text)
    OSTaskQPend                              0x08007ead   Thumb Code   458  os_task.o(.text)
    OSTaskQPendAbort                         0x08008077   Thumb Code   206  os_task.o(.text)
    OS_TaskQPost                             0x08008145   Thumb Code   220  os_task.o(.text)
    OSTaskQPost                              0x08008221   Thumb Code    82  os_task.o(.text)
    OSTaskRegGet                             0x08008273   Thumb Code    78  os_task.o(.text)
    OSTaskRegGetID                           0x080082c1   Thumb Code    84  os_task.o(.text)
    OSTaskRegSet                             0x08008315   Thumb Code    78  os_task.o(.text)
    OS_TaskResume                            0x08008363   Thumb Code   256  os_task.o(.text)
    OSTaskResume                             0x08008463   Thumb Code    96  os_task.o(.text)
    OSTaskSemPend                            0x080084c3   Thumb Code   478  os_task.o(.text)
    OSTaskSemPendAbort                       0x080086a1   Thumb Code   214  os_task.o(.text)
    OS_TaskSemPost                           0x08008777   Thumb Code   448  os_task.o(.text)
    OSTaskSemPost                            0x08008937   Thumb Code    76  os_task.o(.text)
    OSTaskSemSet                             0x08008983   Thumb Code    80  os_task.o(.text)
    OSTaskStkChk                             0x080089d3   Thumb Code   204  os_task.o(.text)
    OS_TaskSuspend                           0x08008a9f   Thumb Code   272  os_task.o(.text)
    OSTaskSuspend                            0x08008baf   Thumb Code    48  os_task.o(.text)
    OSTaskTimeQuantaSet                      0x08008bdf   Thumb Code    96  os_task.o(.text)
    OS_TaskInit                              0x08008c3f   Thumb Code    18  os_task.o(.text)
    OS_TaskReturn                            0x08008c51   Thumb Code    20  os_task.o(.text)
    OS_TickListRemove                        0x08008c85   Thumb Code    56  os_tick.o(.text)
    OS_TickListUpdate                        0x08008cbd   Thumb Code   376  os_tick.o(.text)
    OS_TickTask                              0x08008e35   Thumb Code    38  os_tick.o(.text)
    OS_TickListInit                          0x08008e5b   Thumb Code    32  os_tick.o(.text)
    OS_TickTaskInit                          0x08008e7b   Thumb Code   130  os_tick.o(.text)
    OS_TickListInsert                        0x08008efd   Thumb Code   430  os_tick.o(.text)
    OS_TickListResetPeak                     0x080090ab   Thumb Code    94  os_tick.o(.text)
    OSTimeDly                                0x08009109   Thumb Code   182  os_time.o(.text)
    OSTimeDlyHMSM                            0x080091bf   Thumb Code   394  os_time.o(.text)
    OSTimeDlyResume                          0x08009349   Thumb Code   334  os_time.o(.text)
    OSTimeGet                                0x08009497   Thumb Code    46  os_time.o(.text)
    OSTimeSet                                0x080094c5   Thumb Code    68  os_time.o(.text)
    OSTimeTick                               0x08009509   Thumb Code    68  os_time.o(.text)
    OS_TmrDbgListAdd                         0x08009565   Thumb Code    34  os_tmr.o(.text)
    OSTmrCreate                              0x08009587   Thumb Code   192  os_tmr.o(.text)
    OS_TmrClr                                0x08009647   Thumb Code    36  os_tmr.o(.text)
    OS_TmrUnlink                             0x0800966b   Thumb Code    72  os_tmr.o(.text)
    OS_TmrDbgListRemove                      0x080096b3   Thumb Code    44  os_tmr.o(.text)
    OSTmrDel                                 0x080096df   Thumb Code   182  os_tmr.o(.text)
    OSTmrRemainGet                           0x08009795   Thumb Code   188  os_tmr.o(.text)
    OS_TmrLink                               0x08009851   Thumb Code   196  os_tmr.o(.text)
    OSTmrStart                               0x08009915   Thumb Code   212  os_tmr.o(.text)
    OSTmrStateGet                            0x080099e9   Thumb Code   134  os_tmr.o(.text)
    OSTmrStop                                0x08009a6f   Thumb Code   246  os_tmr.o(.text)
    OS_TmrTask                               0x08009b65   Thumb Code   176  os_tmr.o(.text)
    OS_TmrInit                               0x08009c15   Thumb Code   208  os_tmr.o(.text)
    OS_TmrResetPeak                          0x08009ce5   Thumb Code    28  os_tmr.o(.text)
    CPU_IntDis                               0x08009d5d   Thumb Code     0  cpu_a.o(.text)
    CPU_IntEn                                0x08009d61   Thumb Code     0  cpu_a.o(.text)
    CPU_SR_Save                              0x08009d65   Thumb Code     0  cpu_a.o(.text)
    CPU_SR_Restore                           0x08009d6d   Thumb Code     0  cpu_a.o(.text)
    CPU_WaitForInt                           0x08009d73   Thumb Code     0  cpu_a.o(.text)
    CPU_WaitForExcept                        0x08009d77   Thumb Code     0  cpu_a.o(.text)
    CPU_CntLeadZeros                         0x08009d7b   Thumb Code     0  cpu_a.o(.text)
    CPU_CntTrailZeros                        0x08009d81   Thumb Code     0  cpu_a.o(.text)
    CPU_RevBits                              0x08009d8b   Thumb Code     0  cpu_a.o(.text)
    CPU_NameClr                              0x08009d91   Thumb Code    42  cpu_core.o(.text)
    CPU_Init                                 0x08009dd1   Thumb Code    12  cpu_core.o(.text)
    CPU_SW_Exception                         0x08009ddd   Thumb Code     4  cpu_core.o(.text)
    CPU_NameGet                              0x08009de1   Thumb Code    70  cpu_core.o(.text)
    CPU_NameSet                              0x08009e27   Thumb Code    96  cpu_core.o(.text)
    CPU_TS_Get32                             0x08009e87   Thumb Code    12  cpu_core.o(.text)
    CPU_TS_Update                            0x08009e93   Thumb Code     2  cpu_core.o(.text)
    CPU_TS_TmrFreqGet                        0x08009e95   Thumb Code    30  cpu_core.o(.text)
    CPU_TS_TmrFreqSet                        0x08009eb3   Thumb Code     6  cpu_core.o(.text)
    CPU_CntLeadZeros08                       0x08009eb9   Thumb Code    18  cpu_core.o(.text)
    CPU_CntLeadZeros16                       0x08009ecb   Thumb Code    18  cpu_core.o(.text)
    CPU_CntLeadZeros32                       0x08009edd   Thumb Code    18  cpu_core.o(.text)
    CPU_CntLeadZeros64                       0x08009eef   Thumb Code   188  cpu_core.o(.text)
    CPU_CntTrailZeros08                      0x08009fab   Thumb Code    22  cpu_core.o(.text)
    CPU_CntTrailZeros16                      0x08009fc1   Thumb Code    22  cpu_core.o(.text)
    CPU_CntTrailZeros32                      0x08009fd7   Thumb Code    22  cpu_core.o(.text)
    CPU_CntTrailZeros64                      0x08009fed   Thumb Code    62  cpu_core.o(.text)
    ASCII_IsAlpha                            0x0800a039   Thumb Code    48  lib_ascii.o(.text)
    ASCII_IsAlphaNum                         0x0800a069   Thumb Code    76  lib_ascii.o(.text)
    ASCII_IsLower                            0x0800a0b5   Thumb Code    20  lib_ascii.o(.text)
    ASCII_IsUpper                            0x0800a0c9   Thumb Code    20  lib_ascii.o(.text)
    ASCII_IsDig                              0x0800a0dd   Thumb Code    20  lib_ascii.o(.text)
    ASCII_IsDigOct                           0x0800a0f1   Thumb Code    20  lib_ascii.o(.text)
    ASCII_IsDigHex                           0x0800a105   Thumb Code    36  lib_ascii.o(.text)
    ASCII_IsBlank                            0x0800a129   Thumb Code    20  lib_ascii.o(.text)
    ASCII_IsSpace                            0x0800a13d   Thumb Code    36  lib_ascii.o(.text)
    ASCII_IsPrint                            0x0800a161   Thumb Code    20  lib_ascii.o(.text)
    ASCII_IsGraph                            0x0800a175   Thumb Code    20  lib_ascii.o(.text)
    ASCII_IsPunct                            0x0800a189   Thumb Code   134  lib_ascii.o(.text)
    ASCII_IsCtrl                             0x0800a20f   Thumb Code    26  lib_ascii.o(.text)
    ASCII_ToLower                            0x0800a229   Thumb Code    32  lib_ascii.o(.text)
    ASCII_ToUpper                            0x0800a249   Thumb Code    32  lib_ascii.o(.text)
    ASCII_Cmp                                0x0800a269   Thumb Code    38  lib_ascii.o(.text)
    Mem_Init                                 0x0800a291   Thumb Code    54  lib_mem.o(.text)
    Mem_Set                                  0x0800a2c7   Thumb Code    84  lib_mem.o(.text)
    Mem_Clr                                  0x0800a31b   Thumb Code    18  lib_mem.o(.text)
    Mem_Move                                 0x0800a32d   Thumb Code   186  lib_mem.o(.text)
    Mem_Cmp                                  0x0800a3e7   Thumb Code   192  lib_mem.o(.text)
    Mem_HeapAlloc                            0x0800a51f   Thumb Code   168  lib_mem.o(.text)
    Mem_SegGetSizeRem                        0x0800a5c7   Thumb Code   108  lib_mem.o(.text)
    Mem_HeapGetSizeRem                       0x0800a633   Thumb Code    22  lib_mem.o(.text)
    Mem_PoolClr                              0x0800a649   Thumb Code    80  lib_mem.o(.text)
    Mem_PoolCreate                           0x0800a699   Thumb Code   838  lib_mem.o(.text)
    Mem_PoolBlkGetNbrAvail                   0x0800a9df   Thumb Code    52  lib_mem.o(.text)
    Mem_PoolBlkGet                           0x0800aa13   Thumb Code   126  lib_mem.o(.text)
    Mem_PoolBlkGetUsedAtIx                   0x0800aa91   Thumb Code   140  lib_mem.o(.text)
    Mem_PoolBlkFree                          0x0800ab1d   Thumb Code   152  lib_mem.o(.text)
    Mem_PoolBlkIxGet                         0x0800abb5   Thumb Code   162  lib_mem.o(.text)
    Mem_Copy                                 0x0800ac59   Thumb Code     0  lib_mem_a.o(.text)
    Str_Len_N                                0x0800ae79   Thumb Code    28  lib_str.o(.text)
    Str_Len                                  0x0800ae95   Thumb Code    20  lib_str.o(.text)
    Str_Copy_N                               0x0800aea9   Thumb Code    70  lib_str.o(.text)
    Str_Copy                                 0x0800aeef   Thumb Code    24  lib_str.o(.text)
    Str_Cat_N                                0x0800af07   Thumb Code    90  lib_str.o(.text)
    Str_Cat                                  0x0800af61   Thumb Code    24  lib_str.o(.text)
    Str_Cmp_N                                0x0800af79   Thumb Code   156  lib_str.o(.text)
    Str_Cmp                                  0x0800b015   Thumb Code    24  lib_str.o(.text)
    Str_CmpIgnoreCase_N                      0x0800b02d   Thumb Code   264  lib_str.o(.text)
    Str_CmpIgnoreCase                        0x0800b135   Thumb Code    24  lib_str.o(.text)
    Str_Char_N                               0x0800b14d   Thumb Code    74  lib_str.o(.text)
    Str_Char                                 0x0800b197   Thumb Code    24  lib_str.o(.text)
    Str_Char_Last_N                          0x0800b1af   Thumb Code    76  lib_str.o(.text)
    Str_Char_Last                            0x0800b1fb   Thumb Code    24  lib_str.o(.text)
    Str_Char_Replace_N                       0x0800b213   Thumb Code    52  lib_str.o(.text)
    Str_Char_Replace                         0x0800b247   Thumb Code    28  lib_str.o(.text)
    Str_Str_N                                0x0800b263   Thumb Code   182  lib_str.o(.text)
    Str_Str                                  0x0800b319   Thumb Code    24  lib_str.o(.text)
    Str_FmtNbr_Int32U                        0x0800b50d   Thumb Code    46  lib_str.o(.text)
    Str_FmtNbr_Int32S                        0x0800b53b   Thumb Code    62  lib_str.o(.text)
    Str_ParseNbr_Int32U                      0x0800b737   Thumb Code    30  lib_str.o(.text)
    Str_ParseNbr_Int32S                      0x0800b755   Thumb Code    74  lib_str.o(.text)
    OSIdleTaskHook                           0x0800b7a5   Thumb Code    16  os_cpu_c.o(.text)
    OSInitHook                               0x0800b7b5   Thumb Code    28  os_cpu_c.o(.text)
    OSStatTaskHook                           0x0800b7d1   Thumb Code    16  os_cpu_c.o(.text)
    OSTaskCreateHook                         0x0800b7e1   Thumb Code    20  os_cpu_c.o(.text)
    OSTaskDelHook                            0x0800b7f5   Thumb Code    20  os_cpu_c.o(.text)
    OSTaskReturnHook                         0x0800b809   Thumb Code    20  os_cpu_c.o(.text)
    OSTaskStkInit                            0x0800b81d   Thumb Code   600  os_cpu_c.o(.text)
    OSTaskSwHook                             0x0800ba75   Thumb Code   120  os_cpu_c.o(.text)
    OSTimeTickHook                           0x0800baed   Thumb Code    16  os_cpu_c.o(.text)
    OS_CPU_SysTickHandler                    0x0800bafd   Thumb Code    52  os_cpu_c.o(.text)
    OS_CPU_SysTickInit                       0x0800bb31   Thumb Code    44  os_cpu_c.o(.text)
    __aeabi_uldivmod                         0x0800bb9d   Thumb Code     0  lludivv7m.o(.text)
    _ll_udiv                                 0x0800bb9d   Thumb Code   238  lludivv7m.o(.text)
    __aeabi_memcpy                           0x0800bc8b   Thumb Code     0  rt_memcpy_v6.o(.text)
    __rt_memcpy                              0x0800bc8b   Thumb Code   138  rt_memcpy_v6.o(.text)
    _memcpy_lastbytes                        0x0800bcf1   Thumb Code     0  rt_memcpy_v6.o(.text)
    __use_two_region_memory                  0x0800bd15   Thumb Code     2  heapauxi.o(.text)
    __rt_heap_escrow                         0x0800bd17   Thumb Code     2  heapauxi.o(.text)
    __rt_heap_expand                         0x0800bd19   Thumb Code     2  heapauxi.o(.text)
    __aeabi_memcpy4                          0x0800bd1b   Thumb Code     0  rt_memcpy_w.o(.text)
    __aeabi_memcpy8                          0x0800bd1b   Thumb Code     0  rt_memcpy_w.o(.text)
    __rt_memcpy_w                            0x0800bd1b   Thumb Code   100  rt_memcpy_w.o(.text)
    _memcpy_lastbytes_aligned                0x0800bd63   Thumb Code     0  rt_memcpy_w.o(.text)
    __user_libspace                          0x0800bd81   Thumb Code     8  libspace.o(.text)
    __user_perproc_libspace                  0x0800bd81   Thumb Code     0  libspace.o(.text)
    __user_perthread_libspace                0x0800bd81   Thumb Code     0  libspace.o(.text)
    __I$use$semihosting                      0x0800bd89   Thumb Code     0  use_no_semi.o(.text)
    __use_no_semihosting_swi                 0x0800bd89   Thumb Code     2  use_no_semi.o(.text)
    __semihosting_library_function           0x0800bd8b   Thumb Code     0  indicate_semi.o(.text)
    __user_setup_stackheap                   0x0800bd8b   Thumb Code    74  sys_stackheap_outer.o(.text)
    exit                                     0x0800bdd5   Thumb Code    18  exit.o(.text)
    _sys_exit                                0x0800bde9   Thumb Code     8  sys_exit.o(.text)
    OSStartHighRdy                           0x0800bdf5   Thumb Code     0  os_cpu_a.o(CODE)
    OSCtxSw                                  0x0800be17   Thumb Code     0  os_cpu_a.o(CODE)
    OSIntCtxSw                               0x0800be21   Thumb Code     0  os_cpu_a.o(CODE)
    OS_CPU_PendSV_Handler                    0x0800be2b   Thumb Code     0  os_cpu_a.o(CODE)
    _fp_init                                 0x0800bea1   Thumb Code    10  fpinit.o(x$fpl$fpinit)
    __fplib_config_fpu_vfp                   0x0800bea9   Thumb Code     0  fpinit.o(x$fpl$fpinit)
    __fplib_config_pureend_doubles           0x0800bea9   Thumb Code     0  fpinit.o(x$fpl$fpinit)
    OSCfg_IdleTaskStkBasePtr                 0x0800beac   Data           4  os_cfg_app.o(.constdata)
    OSCfg_IdleTaskStkLimit                   0x0800beb0   Data           4  os_cfg_app.o(.constdata)
    OSCfg_IdleTaskStkSize                    0x0800beb4   Data           4  os_cfg_app.o(.constdata)
    OSCfg_IdleTaskStkSizeRAM                 0x0800beb8   Data           4  os_cfg_app.o(.constdata)
    OSCfg_IntQBasePtr                        0x0800bebc   Data           4  os_cfg_app.o(.constdata)
    OSCfg_IntQSize                           0x0800bec0   Data           2  os_cfg_app.o(.constdata)
    OSCfg_IntQSizeRAM                        0x0800bec4   Data           4  os_cfg_app.o(.constdata)
    OSCfg_IntQTaskStkBasePtr                 0x0800bec8   Data           4  os_cfg_app.o(.constdata)
    OSCfg_IntQTaskStkLimit                   0x0800becc   Data           4  os_cfg_app.o(.constdata)
    OSCfg_IntQTaskStkSize                    0x0800bed0   Data           4  os_cfg_app.o(.constdata)
    OSCfg_IntQTaskStkSizeRAM                 0x0800bed4   Data           4  os_cfg_app.o(.constdata)
    OSCfg_ISRStkBasePtr                      0x0800bed8   Data           4  os_cfg_app.o(.constdata)
    OSCfg_ISRStkSize                         0x0800bedc   Data           4  os_cfg_app.o(.constdata)
    OSCfg_ISRStkSizeRAM                      0x0800bee0   Data           4  os_cfg_app.o(.constdata)
    OSCfg_MsgPoolSize                        0x0800bee4   Data           2  os_cfg_app.o(.constdata)
    OSCfg_MsgPoolSizeRAM                     0x0800bee8   Data           4  os_cfg_app.o(.constdata)
    OSCfg_MsgPoolBasePtr                     0x0800beec   Data           4  os_cfg_app.o(.constdata)
    OSCfg_StatTaskPrio                       0x0800bef0   Data           1  os_cfg_app.o(.constdata)
    OSCfg_StatTaskRate_Hz                    0x0800bef4   Data           4  os_cfg_app.o(.constdata)
    OSCfg_StatTaskStkBasePtr                 0x0800bef8   Data           4  os_cfg_app.o(.constdata)
    OSCfg_StatTaskStkLimit                   0x0800befc   Data           4  os_cfg_app.o(.constdata)
    OSCfg_StatTaskStkSize                    0x0800bf00   Data           4  os_cfg_app.o(.constdata)
    OSCfg_StatTaskStkSizeRAM                 0x0800bf04   Data           4  os_cfg_app.o(.constdata)
    OSCfg_StkSizeMin                         0x0800bf08   Data           4  os_cfg_app.o(.constdata)
    OSCfg_TickRate_Hz                        0x0800bf0c   Data           4  os_cfg_app.o(.constdata)
    OSCfg_TickTaskPrio                       0x0800bf10   Data           1  os_cfg_app.o(.constdata)
    OSCfg_TickTaskStkBasePtr                 0x0800bf14   Data           4  os_cfg_app.o(.constdata)
    OSCfg_TickTaskStkLimit                   0x0800bf18   Data           4  os_cfg_app.o(.constdata)
    OSCfg_TickTaskStkSize                    0x0800bf1c   Data           4  os_cfg_app.o(.constdata)
    OSCfg_TickTaskStkSizeRAM                 0x0800bf20   Data           4  os_cfg_app.o(.constdata)
    OSCfg_TickWheelSize                      0x0800bf24   Data           2  os_cfg_app.o(.constdata)
    OSCfg_TickWheelSizeRAM                   0x0800bf28   Data           4  os_cfg_app.o(.constdata)
    OSCfg_TmrTaskPrio                        0x0800bf2c   Data           1  os_cfg_app.o(.constdata)
    OSCfg_TmrTaskRate_Hz                     0x0800bf30   Data           4  os_cfg_app.o(.constdata)
    OSCfg_TmrTaskStkBasePtr                  0x0800bf34   Data           4  os_cfg_app.o(.constdata)
    OSCfg_TmrTaskStkLimit                    0x0800bf38   Data           4  os_cfg_app.o(.constdata)
    OSCfg_TmrTaskStkSize                     0x0800bf3c   Data           4  os_cfg_app.o(.constdata)
    OSCfg_TmrTaskStkSizeRAM                  0x0800bf40   Data           4  os_cfg_app.o(.constdata)
    OSCfg_TmrWheelSize                       0x0800bf44   Data           2  os_cfg_app.o(.constdata)
    OSCfg_TmrWheelSizeRAM                    0x0800bf48   Data           4  os_cfg_app.o(.constdata)
    OSCfg_DataSizeRAM                        0x0800bf4c   Data           4  os_cfg_app.o(.constdata)
    OSDbg_DbgEn                              0x0800bf50   Data           1  os_dbg.o(.constdata)
    OSDbg_ArgChkEn                           0x0800bf51   Data           1  os_dbg.o(.constdata)
    OSDbg_AppHooksEn                         0x0800bf52   Data           1  os_dbg.o(.constdata)
    OSDbg_EndiannessTest                     0x0800bf54   Data           4  os_dbg.o(.constdata)
    OSDbg_CalledFromISRChkEn                 0x0800bf58   Data           1  os_dbg.o(.constdata)
    OSDbg_FlagEn                             0x0800bf59   Data           1  os_dbg.o(.constdata)
    OSDbg_FlagGrp                            0x0800bf5c   Data          40  os_dbg.o(.constdata)
    OSDbg_FlagDelEn                          0x0800bf84   Data           1  os_dbg.o(.constdata)
    OSDbg_FlagModeClrEn                      0x0800bf85   Data           1  os_dbg.o(.constdata)
    OSDbg_FlagPendAbortEn                    0x0800bf86   Data           1  os_dbg.o(.constdata)
    OSDbg_FlagGrpSize                        0x0800bf88   Data           2  os_dbg.o(.constdata)
    OSDbg_FlagWidth                          0x0800bf8a   Data           2  os_dbg.o(.constdata)
    OSDbg_IntQ                               0x0800bf8c   Data           2  os_dbg.o(.constdata)
    OSDbg_ISRPostDeferredEn                  0x0800bf8e   Data           1  os_dbg.o(.constdata)
    OSDbg_Mem                                0x0800bf90   Data          32  os_dbg.o(.constdata)
    OSDbg_MemEn                              0x0800bfb0   Data           1  os_dbg.o(.constdata)
    OSDbg_MemSize                            0x0800bfb2   Data           2  os_dbg.o(.constdata)
    OSDbg_MsgEn                              0x0800bfb4   Data           1  os_dbg.o(.constdata)
    OSDbg_MsgSize                            0x0800bfb6   Data           2  os_dbg.o(.constdata)
    OSDbg_MsgPoolSize                        0x0800bfb8   Data           2  os_dbg.o(.constdata)
    OSDbg_MsgQSize                           0x0800bfba   Data           2  os_dbg.o(.constdata)
    OSDbg_Mutex                              0x0800bfbc   Data          44  os_dbg.o(.constdata)
    OSDbg_MutexEn                            0x0800bfe8   Data           1  os_dbg.o(.constdata)
    OSDbg_MutexDelEn                         0x0800bfe9   Data           1  os_dbg.o(.constdata)
    OSDbg_MutexPendAbortEn                   0x0800bfea   Data           1  os_dbg.o(.constdata)
    OSDbg_MutexSize                          0x0800bfec   Data           2  os_dbg.o(.constdata)
    OSDbg_ObjTypeChkEn                       0x0800bfee   Data           1  os_dbg.o(.constdata)
    OSDbg_PendMultiEn                        0x0800bfef   Data           1  os_dbg.o(.constdata)
    OSDbg_PendDataSize                       0x0800bff0   Data           2  os_dbg.o(.constdata)
    OSDbg_PendListSize                       0x0800bff2   Data           2  os_dbg.o(.constdata)
    OSDbg_PendObjSize                        0x0800bff4   Data           2  os_dbg.o(.constdata)
    OSDbg_PrioMax                            0x0800bff6   Data           2  os_dbg.o(.constdata)
    OSDbg_PrioTblSize                        0x0800bff8   Data           2  os_dbg.o(.constdata)
    OSDbg_PtrSize                            0x0800bffa   Data           2  os_dbg.o(.constdata)
    OSDbg_Q                                  0x0800bffc   Data          48  os_dbg.o(.constdata)
    OSDbg_QEn                                0x0800c02c   Data           1  os_dbg.o(.constdata)
    OSDbg_QDelEn                             0x0800c02d   Data           1  os_dbg.o(.constdata)
    OSDbg_QFlushEn                           0x0800c02e   Data           1  os_dbg.o(.constdata)
    OSDbg_QPendAbortEn                       0x0800c02f   Data           1  os_dbg.o(.constdata)
    OSDbg_QSize                              0x0800c030   Data           2  os_dbg.o(.constdata)
    OSDbg_SchedRoundRobinEn                  0x0800c032   Data           1  os_dbg.o(.constdata)
    OSDbg_Sem                                0x0800c034   Data          40  os_dbg.o(.constdata)
    OSDbg_SemEn                              0x0800c05c   Data           1  os_dbg.o(.constdata)
    OSDbg_SemDelEn                           0x0800c05d   Data           1  os_dbg.o(.constdata)
    OSDbg_SemPendAbortEn                     0x0800c05e   Data           1  os_dbg.o(.constdata)
    OSDbg_SemSetEn                           0x0800c05f   Data           1  os_dbg.o(.constdata)
    OSDbg_SemSize                            0x0800c060   Data           2  os_dbg.o(.constdata)
    OSDbg_RdyList                            0x0800c062   Data           2  os_dbg.o(.constdata)
    OSDbg_RdyListSize                        0x0800c064   Data           4  os_dbg.o(.constdata)
    OSDbg_StkWidth                           0x0800c068   Data           1  os_dbg.o(.constdata)
    OSDbg_StatTaskEn                         0x0800c069   Data           1  os_dbg.o(.constdata)
    OSDbg_StatTaskStkChkEn                   0x0800c06a   Data           1  os_dbg.o(.constdata)
    OSDbg_TaskChangePrioEn                   0x0800c06b   Data           1  os_dbg.o(.constdata)
    OSDbg_TaskDelEn                          0x0800c06c   Data           1  os_dbg.o(.constdata)
    OSDbg_TaskQEn                            0x0800c06d   Data           1  os_dbg.o(.constdata)
    OSDbg_TaskQPendAbortEn                   0x0800c06e   Data           1  os_dbg.o(.constdata)
    OSDbg_TaskProfileEn                      0x0800c06f   Data           1  os_dbg.o(.constdata)
    OSDbg_TaskRegTblSize                     0x0800c070   Data           2  os_dbg.o(.constdata)
    OSDbg_TaskSemPendAbortEn                 0x0800c072   Data           1  os_dbg.o(.constdata)
    OSDbg_TaskSuspendEn                      0x0800c073   Data           1  os_dbg.o(.constdata)
    OSDbg_TCBSize                            0x0800c074   Data           2  os_dbg.o(.constdata)
    OSDbg_TickSpokeSize                      0x0800c076   Data           2  os_dbg.o(.constdata)
    OSDbg_TimeDlyHMSMEn                      0x0800c078   Data           1  os_dbg.o(.constdata)
    OSDbg_TimeDlyResumeEn                    0x0800c079   Data           1  os_dbg.o(.constdata)
    OSDbg_TLS_TblSize                        0x0800c07a   Data           2  os_dbg.o(.constdata)
    OSDbg_Tmr                                0x0800c07c   Data          52  os_dbg.o(.constdata)
    OSDbg_TmrEn                              0x0800c0b0   Data           1  os_dbg.o(.constdata)
    OSDbg_TmrDelEn                           0x0800c0b1   Data           1  os_dbg.o(.constdata)
    OSDbg_TmrSize                            0x0800c0b2   Data           2  os_dbg.o(.constdata)
    OSDbg_TmrSpokeSize                       0x0800c0b4   Data           2  os_dbg.o(.constdata)
    OSDbg_VersionNbr                         0x0800c0b6   Data           2  os_dbg.o(.constdata)
    OSDbg_DataSize                           0x0800c0b8   Data           4  os_dbg.o(.constdata)
    CPU_EndiannessTest                       0x0800c1bc   Data           4  cpu_core.o(.constdata)
    Region$$Table$$Base                      0x0800c254   Number         0  anon$$obj.o(Region$$Table)
    Region$$Table$$Limit                     0x0800c274   Number         0  anon$$obj.o(Region$$Table)
    SystemCoreClock                          0x20000000   Data           4  system_stm32f4xx.o(.data)
    AHBPrescTable                            0x20000004   Data          16  system_stm32f4xx.o(.data)
    ADC_ConvertedValue                       0x20000028   Data           2  adc.o(.data)
    ADC_ConvertedValueLocal                  0x2000002c   Data           4  adc.o(.data)
    OSPrioTbl                                0x20000030   Data           8  os_prio.o(.data)
    OS_AppTaskCreateHookPtr                  0x20000038   Data           4  os_var.o(.data)
    OS_AppTaskDelHookPtr                     0x2000003c   Data           4  os_var.o(.data)
    OS_AppTaskReturnHookPtr                  0x20000040   Data           4  os_var.o(.data)
    OS_AppIdleTaskHookPtr                    0x20000044   Data           4  os_var.o(.data)
    OS_AppStatTaskHookPtr                    0x20000048   Data           4  os_var.o(.data)
    OS_AppTaskSwHookPtr                      0x2000004c   Data           4  os_var.o(.data)
    OS_AppTimeTickHookPtr                    0x20000050   Data           4  os_var.o(.data)
    OSIdleTaskCtr                            0x20000054   Data           4  os_var.o(.data)
    OSIntNestingCtr                          0x20000058   Data           1  os_var.o(.data)
    OSRunning                                0x20000059   Data           1  os_var.o(.data)
    OSFlagDbgListPtr                         0x2000005c   Data           4  os_var.o(.data)
    OSFlagQty                                0x20000060   Data           2  os_var.o(.data)
    OSMemDbgListPtr                          0x20000064   Data           4  os_var.o(.data)
    OSMemQty                                 0x20000068   Data           2  os_var.o(.data)
    OSMutexDbgListPtr                        0x2000006c   Data           4  os_var.o(.data)
    OSMutexQty                               0x20000070   Data           2  os_var.o(.data)
    OSPrioCur                                0x20000072   Data           1  os_var.o(.data)
    OSPrioHighRdy                            0x20000073   Data           1  os_var.o(.data)
    OSPrioSaved                              0x20000074   Data           1  os_var.o(.data)
    OSQDbgListPtr                            0x20000078   Data           4  os_var.o(.data)
    OSQQty                                   0x2000007c   Data           2  os_var.o(.data)
    OSSchedLockTimeBegin                     0x20000080   Data           4  os_var.o(.data)
    OSSchedLockTimeMax                       0x20000084   Data           4  os_var.o(.data)
    OSSchedLockTimeMaxCur                    0x20000088   Data           4  os_var.o(.data)
    OSSchedLockNestingCtr                    0x2000008c   Data           1  os_var.o(.data)
    OSSchedRoundRobinDfltTimeQuanta          0x20000090   Data           4  os_var.o(.data)
    OSSchedRoundRobinEn                      0x20000094   Data           1  os_var.o(.data)
    OSSemDbgListPtr                          0x20000098   Data           4  os_var.o(.data)
    OSSemQty                                 0x2000009c   Data           2  os_var.o(.data)
    OSStatResetFlag                          0x2000009e   Data           1  os_var.o(.data)
    OSStatTaskCPUUsage                       0x200000a0   Data           2  os_var.o(.data)
    OSStatTaskCPUUsageMax                    0x200000a2   Data           2  os_var.o(.data)
    OSStatTaskCtr                            0x200000a4   Data           4  os_var.o(.data)
    OSStatTaskCtrMax                         0x200000a8   Data           4  os_var.o(.data)
    OSStatTaskCtrRun                         0x200000ac   Data           4  os_var.o(.data)
    OSStatTaskRdy                            0x200000b0   Data           1  os_var.o(.data)
    OSStatTaskTimeMax                        0x200000b4   Data           4  os_var.o(.data)
    OSTaskCtxSwCtr                           0x200000b8   Data           4  os_var.o(.data)
    OSTaskDbgListPtr                         0x200000bc   Data           4  os_var.o(.data)
    OSTaskQty                                0x200000c0   Data           2  os_var.o(.data)
    OSTaskRegNextAvailID                     0x200000c2   Data           1  os_var.o(.data)
    OSTickCtr                                0x200000c4   Data           4  os_var.o(.data)
    OSTickTaskTimeMax                        0x200000c8   Data           4  os_var.o(.data)
    OSTmrDbgListPtr                          0x200000cc   Data           4  os_var.o(.data)
    OSTmrQty                                 0x200000d0   Data           2  os_var.o(.data)
    OSTmrTaskTimeMax                         0x200000d4   Data           4  os_var.o(.data)
    OSTmrTickCtr                             0x200000d8   Data           4  os_var.o(.data)
    OSTmrUpdateCnt                           0x200000dc   Data           4  os_var.o(.data)
    OSTmrUpdateCtr                           0x200000e0   Data           4  os_var.o(.data)
    OSTCBCurPtr                              0x200000e4   Data           4  os_var.o(.data)
    OSTCBHighRdyPtr                          0x200000e8   Data           4  os_var.o(.data)
    CPU_TS_TmrFreq_Hz                        0x200000ec   Data           4  cpu_core.o(.data)
    Mem_PoolTbl                              0x200000f0   Data           4  lib_mem.o(.data)
    OS_CPU_ExceptStkBase                     0x200000f4   Data           4  os_cpu_c.o(.data)
    StartTaskTCB                             0x200000f8   Data         196  main.o(.bss)
    START_TASK_STK                           0x200001bc   Data        4096  main.o(.bss)
    TEST_TaskTCB                             0x200011bc   Data         196  main.o(.bss)
    TEST_TASK_STK                            0x20001280   Data        4096  main.o(.bss)
    DMA_USART1_TX_BUF                        0x20002280   Data         512  usart1.o(.bss)
    DMA_USART1_RX_BUF                        0x20002480   Data         512  usart1.o(.bss)
    uart1_rx                                 0x20002680   Data        1026  usart1.o(.bss)
    DMA_USART2_TX_BUF                        0x20002a82   Data         512  usart2.o(.bss)
    DMA_USART2_RX_BUF                        0x20002c82   Data         512  usart2.o(.bss)
    uart2_rx                                 0x20002e82   Data        1026  usart2.o(.bss)
    DMA_USART3_TX_BUF                        0x20003284   Data         512  usart3.o(.bss)
    DMA_USART3_RX_BUF                        0x20003484   Data         512  usart3.o(.bss)
    uart3_rx                                 0x20003684   Data        1026  usart3.o(.bss)
    DMA_UART4_TX_BUF                         0x20003a86   Data         512  usart4.o(.bss)
    DMA_UART4_RX_BUF                         0x20003c86   Data         512  usart4.o(.bss)
    uart4_rx                                 0x20003e86   Data        1026  usart4.o(.bss)
    DMA_UART5_TX_BUF                         0x20004288   Data         512  usart5.o(.bss)
    DMA_UART5_RX_BUF                         0x20004488   Data         512  usart5.o(.bss)
    uart5_rx                                 0x20004688   Data        1026  usart5.o(.bss)
    OSCfg_IdleTaskStk                        0x20004a8c   Data         512  os_cfg_app.o(.bss)
    OSCfg_ISRStk                             0x20004c8c   Data         512  os_cfg_app.o(.bss)
    OSCfg_MsgPool                            0x20004e8c   Data        1600  os_cfg_app.o(.bss)
    OSCfg_StatTaskStk                        0x200054cc   Data         512  os_cfg_app.o(.bss)
    OSCfg_TickTaskStk                        0x200056cc   Data         512  os_cfg_app.o(.bss)
    OSCfg_TickWheel                          0x200058cc   Data         136  os_cfg_app.o(.bss)
    OSCfg_TmrTaskStk                         0x20005954   Data         512  os_cfg_app.o(.bss)
    OSCfg_TmrWheel                           0x20005b54   Data         136  os_cfg_app.o(.bss)
    OSIdleTaskTCB                            0x20005bdc   Data         196  os_var.o(.bss)
    OSMsgPool                                0x20005ca0   Data          12  os_var.o(.bss)
    OSRdyList                                0x20005cac   Data         768  os_var.o(.bss)
    OSStatTaskTCB                            0x20005fac   Data         196  os_var.o(.bss)
    OSTickTaskTCB                            0x20006070   Data         196  os_var.o(.bss)
    OSTmrTaskTCB                             0x20006134   Data         196  os_var.o(.bss)
    CPU_Name                                 0x200061f8   Data          16  cpu_core.o(.bss)
    Mem_PoolHeap                             0x20006208   Data          72  lib_mem.o(.bss)
    Mem_Heap                                 0x20006250   Data        1024  lib_mem.o(.bss)
    __libspace_start                         0x20006650   Data          96  libspace.o(.bss)
    __temporary_stack_top$libspace           0x200066b0   Data           0  libspace.o(.bss)



==============================================================================

Memory Map of the image

  Image Entry point : 0x08000189

  Load Region LR_IROM1 (Base: 0x08000000, Size: 0x0000c36c, Max: 0x00080000, ABSOLUTE)

    Execution Region ER_IROM1 (Exec base: 0x08000000, Load base: 0x08000000, Size: 0x0000c274, Max: 0x00080000, ABSOLUTE)

    Exec Addr    Load Addr    Size         Type   Attr      Idx    E Section Name        Object

    0x08000000   0x08000000   0x00000188   Data   RO          365    RESET               startup_stm32f40_41xxx.o
    0x08000188   0x08000188   0x00000008   Code   RO         2067  * !!!main             c_w.l(__main.o)
    0x08000190   0x08000190   0x00000034   Code   RO         2395    !!!scatter          c_w.l(__scatter.o)
    0x080001c4   0x080001c4   0x0000001a   Code   RO         2397    !!handler_copy      c_w.l(__scatter_copy.o)
    0x080001de   0x080001de   0x00000002   PAD
    0x080001e0   0x080001e0   0x0000001c   Code   RO         2399    !!handler_zi        c_w.l(__scatter_zi.o)
    0x080001fc   0x080001fc   0x00000002   Code   RO         2334    .ARM.Collect$$libinit$$00000000  c_w.l(libinit.o)
    0x080001fe   0x080001fe   0x00000004   Code   RO         2181    .ARM.Collect$$libinit$$00000001  c_w.l(libinit2.o)
    0x08000202   0x08000202   0x00000000   Code   RO         2184    .ARM.Collect$$libinit$$00000004  c_w.l(libinit2.o)
    0x08000202   0x08000202   0x00000000   Code   RO         2187    .ARM.Collect$$libinit$$0000000A  c_w.l(libinit2.o)
    0x08000202   0x08000202   0x00000000   Code   RO         2189    .ARM.Collect$$libinit$$0000000C  c_w.l(libinit2.o)
    0x08000202   0x08000202   0x00000000   Code   RO         2191    .ARM.Collect$$libinit$$0000000E  c_w.l(libinit2.o)
    0x08000202   0x08000202   0x00000000   Code   RO         2194    .ARM.Collect$$libinit$$00000011  c_w.l(libinit2.o)
    0x08000202   0x08000202   0x00000000   Code   RO         2196    .ARM.Collect$$libinit$$00000013  c_w.l(libinit2.o)
    0x08000202   0x08000202   0x00000000   Code   RO         2198    .ARM.Collect$$libinit$$00000015  c_w.l(libinit2.o)
    0x08000202   0x08000202   0x00000000   Code   RO         2200    .ARM.Collect$$libinit$$00000017  c_w.l(libinit2.o)
    0x08000202   0x08000202   0x00000000   Code   RO         2202    .ARM.Collect$$libinit$$00000019  c_w.l(libinit2.o)
    0x08000202   0x08000202   0x00000000   Code   RO         2204    .ARM.Collect$$libinit$$0000001B  c_w.l(libinit2.o)
    0x08000202   0x08000202   0x00000000   Code   RO         2206    .ARM.Collect$$libinit$$0000001D  c_w.l(libinit2.o)
    0x08000202   0x08000202   0x00000000   Code   RO         2208    .ARM.Collect$$libinit$$0000001F  c_w.l(libinit2.o)
    0x08000202   0x08000202   0x00000000   Code   RO         2210    .ARM.Collect$$libinit$$00000021  c_w.l(libinit2.o)
    0x08000202   0x08000202   0x00000000   Code   RO         2212    .ARM.Collect$$libinit$$00000023  c_w.l(libinit2.o)
    0x08000202   0x08000202   0x00000000   Code   RO         2214    .ARM.Collect$$libinit$$00000025  c_w.l(libinit2.o)
    0x08000202   0x08000202   0x00000000   Code   RO         2218    .ARM.Collect$$libinit$$0000002C  c_w.l(libinit2.o)
    0x08000202   0x08000202   0x00000000   Code   RO         2220    .ARM.Collect$$libinit$$0000002E  c_w.l(libinit2.o)
    0x08000202   0x08000202   0x00000000   Code   RO         2222    .ARM.Collect$$libinit$$00000030  c_w.l(libinit2.o)
    0x08000202   0x08000202   0x00000000   Code   RO         2224    .ARM.Collect$$libinit$$00000032  c_w.l(libinit2.o)
    0x08000202   0x08000202   0x00000002   Code   RO         2225    .ARM.Collect$$libinit$$00000033  c_w.l(libinit2.o)
    0x08000204   0x08000204   0x00000002   Code   RO         2392    .ARM.Collect$$libshutdown$$00000000  c_w.l(libshutdown.o)
    0x08000206   0x08000206   0x00000000   Code   RO         2350    .ARM.Collect$$libshutdown$$00000002  c_w.l(libshutdown2.o)
    0x08000206   0x08000206   0x00000000   Code   RO         2352    .ARM.Collect$$libshutdown$$00000004  c_w.l(libshutdown2.o)
    0x08000206   0x08000206   0x00000000   Code   RO         2355    .ARM.Collect$$libshutdown$$00000007  c_w.l(libshutdown2.o)
    0x08000206   0x08000206   0x00000000   Code   RO         2358    .ARM.Collect$$libshutdown$$0000000A  c_w.l(libshutdown2.o)
    0x08000206   0x08000206   0x00000000   Code   RO         2360    .ARM.Collect$$libshutdown$$0000000C  c_w.l(libshutdown2.o)
    0x08000206   0x08000206   0x00000000   Code   RO         2363    .ARM.Collect$$libshutdown$$0000000F  c_w.l(libshutdown2.o)
    0x08000206   0x08000206   0x00000002   Code   RO         2364    .ARM.Collect$$libshutdown$$00000010  c_w.l(libshutdown2.o)
    0x08000208   0x08000208   0x00000000   Code   RO         2145    .ARM.Collect$$rtentry$$00000000  c_w.l(__rtentry.o)
    0x08000208   0x08000208   0x00000000   Code   RO         2264    .ARM.Collect$$rtentry$$00000002  c_w.l(__rtentry2.o)
    0x08000208   0x08000208   0x00000006   Code   RO         2276    .ARM.Collect$$rtentry$$00000004  c_w.l(__rtentry4.o)
    0x0800020e   0x0800020e   0x00000000   Code   RO         2266    .ARM.Collect$$rtentry$$00000009  c_w.l(__rtentry2.o)
    0x0800020e   0x0800020e   0x00000004   Code   RO         2267    .ARM.Collect$$rtentry$$0000000A  c_w.l(__rtentry2.o)
    0x08000212   0x08000212   0x00000000   Code   RO         2269    .ARM.Collect$$rtentry$$0000000C  c_w.l(__rtentry2.o)
    0x08000212   0x08000212   0x00000008   Code   RO         2270    .ARM.Collect$$rtentry$$0000000D  c_w.l(__rtentry2.o)
    0x0800021a   0x0800021a   0x00000002   Code   RO         2337    .ARM.Collect$$rtexit$$00000000  c_w.l(rtexit.o)
    0x0800021c   0x0800021c   0x00000000   Code   RO         2368    .ARM.Collect$$rtexit$$00000002  c_w.l(rtexit2.o)
    0x0800021c   0x0800021c   0x00000004   Code   RO         2369    .ARM.Collect$$rtexit$$00000003  c_w.l(rtexit2.o)
    0x08000220   0x08000220   0x00000006   Code   RO         2370    .ARM.Collect$$rtexit$$00000004  c_w.l(rtexit2.o)
    0x08000226   0x08000226   0x00000002   PAD
    0x08000228   0x08000228   0x0000017c   Code   RO            3    .text               main.o
    0x080003a4   0x080003a4   0x00000016   Code   RO          270    .text               stm32f4xx_it.o
    0x080003ba   0x080003ba   0x00000002   PAD
    0x080003bc   0x080003bc   0x00000210   Code   RO          319    .text               system_stm32f4xx.o
    0x080005cc   0x080005cc   0x00000034   Code   RO          345    .text               task.o
    0x08000600   0x08000600   0x00000040   Code   RO          366    .text               startup_stm32f40_41xxx.o
    0x08000640   0x08000640   0x000000e0   Code   RO          372    .text               misc.o
    0x08000720   0x08000720   0x00000464   Code   RO          392    .text               stm32f4xx_adc.o
    0x08000b84   0x08000b84   0x000003a8   Code   RO          615    .text               stm32f4xx_dma.o
    0x08000f2c   0x08000f2c   0x00000294   Code   RO          721    .text               stm32f4xx_gpio.o
    0x080011c0   0x080011c0   0x0000065c   Code   RO          884    .text               stm32f4xx_rcc.o
    0x0800181c   0x0800181c   0x00000ca2   Code   RO         1029    .text               stm32f4xx_tim.o
    0x080024be   0x080024be   0x00000002   PAD
    0x080024c0   0x080024c0   0x00000454   Code   RO         1049    .text               stm32f4xx_usart.o
    0x08002914   0x08002914   0x000001e8   Code   RO         1089    .text               explore_systick.o
    0x08002afc   0x08002afc   0x00000104   Code   RO         1259    .text               led.o
    0x08002c00   0x08002c00   0x00000090   Code   RO         1285    .text               tim.o
    0x08002c90   0x08002c90   0x0000030c   Code   RO         1308    .text               usart1.o
    0x08002f9c   0x08002f9c   0x00000310   Code   RO         1335    .text               usart2.o
    0x080032ac   0x080032ac   0x00000314   Code   RO         1362    .text               usart3.o
    0x080035c0   0x080035c0   0x00000310   Code   RO         1389    .text               usart4.o
    0x080038d0   0x080038d0   0x000000a8   Code   RO         1462    .text               pwm.o
    0x08003978   0x08003978   0x0000019c   Code   RO         1482    .text               adc.o
    0x08003b14   0x08003b14   0x00000054   Code   RO         1531    .text               key.o
    0x08003b68   0x08003b68   0x00000328   Code   RO         1551    .text               usart5.o
    0x08003e90   0x08003e90   0x00000044   Code   RO         1578    .text               beep.o
    0x08003ed4   0x08003ed4   0x00000084   Code   RO         1598    .text               bsp.o
    0x08003f58   0x08003f58   0x00000002   Code   RO         1634    .text               os_cfg_app.o
    0x08003f5a   0x08003f5a   0x00000002   PAD
    0x08003f5c   0x08003f5c   0x00000d94   Code   RO         1657    .text               os_core.o
    0x08004cf0   0x08004cf0   0x000001ac   Code   RO         1669    .text               os_dbg.o
    0x08004e9c   0x08004e9c   0x00000af8   Code   RO         1684    .text               os_flag.o
    0x08005994   0x08005994   0x000001fc   Code   RO         1702    .text               os_mem.o
    0x08005b90   0x08005b90   0x00000228   Code   RO         1714    .text               os_msg.o
    0x08005db8   0x08005db8   0x0000078c   Code   RO         1726    .text               os_mutex.o
    0x08006544   0x08006544   0x0000007c   Code   RO         1744    .text               os_prio.o
    0x080065c0   0x080065c0   0x000006d8   Code   RO         1763    .text               os_q.o
    0x08006c98   0x08006c98   0x000006e8   Code   RO         1775    .text               os_sem.o
    0x08007380   0x08007380   0x000005a8   Code   RO         1787    .text               os_stat.o
    0x08007928   0x08007928   0x0000135c   Code   RO         1799    .text               os_task.o
    0x08008c84   0x08008c84   0x00000484   Code   RO         1811    .text               os_tick.o
    0x08009108   0x08009108   0x0000045c   Code   RO         1823    .text               os_time.o
    0x08009564   0x08009564   0x000007f8   Code   RO         1835    .text               os_tmr.o
    0x08009d5c   0x08009d5c   0x00000034   Code   RO         1861    .text               cpu_a.o
    0x08009d90   0x08009d90   0x000002a8   Code   RO         1876    .text               cpu_core.o
    0x0800a038   0x0800a038   0x00000256   Code   RO         1896    .text               lib_ascii.o
    0x0800a28e   0x0800a28e   0x00000002   PAD
    0x0800a290   0x0800a290   0x000009c6   Code   RO         1929    .text               lib_mem.o
    0x0800ac56   0x0800ac56   0x00000002   PAD
    0x0800ac58   0x0800ac58   0x00000220   Code   RO         1948    .text               lib_mem_a.o
    0x0800ae78   0x0800ae78   0x0000092c   Code   RO         1951    .text               lib_str.o
    0x0800b7a4   0x0800b7a4   0x000003f8   Code   RO         1973    .text               os_cpu_c.o
    0x0800bb9c   0x0800bb9c   0x000000ee   Code   RO         2061    .text               c_w.l(lludivv7m.o)
    0x0800bc8a   0x0800bc8a   0x0000008a   Code   RO         2063    .text               c_w.l(rt_memcpy_v6.o)
    0x0800bd14   0x0800bd14   0x00000006   Code   RO         2065    .text               c_w.l(heapauxi.o)
    0x0800bd1a   0x0800bd1a   0x00000064   Code   RO         2177    .text               c_w.l(rt_memcpy_w.o)
    0x0800bd7e   0x0800bd7e   0x00000002   PAD
    0x0800bd80   0x0800bd80   0x00000008   Code   RO         2260    .text               c_w.l(libspace.o)
    0x0800bd88   0x0800bd88   0x00000002   Code   RO         2306    .text               c_w.l(use_no_semi.o)
    0x0800bd8a   0x0800bd8a   0x00000000   Code   RO         2308    .text               c_w.l(indicate_semi.o)
    0x0800bd8a   0x0800bd8a   0x0000004a   Code   RO         2309    .text               c_w.l(sys_stackheap_outer.o)
    0x0800bdd4   0x0800bdd4   0x00000012   Code   RO         2315    .text               c_w.l(exit.o)
    0x0800bde6   0x0800bde6   0x00000002   PAD
    0x0800bde8   0x0800bde8   0x0000000c   Code   RO         2335    .text               c_w.l(sys_exit.o)
    0x0800bdf4   0x0800bdf4   0x000000ac   Code   RO         1968    CODE                os_cpu_a.o
    0x0800bea0   0x0800bea0   0x0000000a   Code   RO         2304    x$fpl$fpinit        fz_wm.l(fpinit.o)
    0x0800beaa   0x0800beaa   0x00000002   PAD
    0x0800beac   0x0800beac   0x000000a4   Data   RO         1636    .constdata          os_cfg_app.o
    0x0800bf50   0x0800bf50   0x0000016c   Data   RO         1670    .constdata          os_dbg.o
    0x0800c0bc   0x0800c0bc   0x00000104   Data   RO         1878    .constdata          cpu_core.o
    0x0800c1c0   0x0800c1c0   0x00000094   Data   RO         1952    .constdata          lib_str.o
    0x0800c254   0x0800c254   0x00000020   Data   RO         2393    Region$$Table       anon$$obj.o


    Execution Region RW_IRAM1 (Exec base: 0x20000000, Load base: 0x0800c274, Size: 0x00006cb0, Max: 0x00020000, ABSOLUTE)

    Exec Addr    Load Addr    Size         Type   Attr      Idx    E Section Name        Object

    0x20000000   0x0800c274   0x00000014   Data   RW          320    .data               system_stm32f4xx.o
    0x20000014   0x0800c288   0x00000010   Data   RW          885    .data               stm32f4xx_rcc.o
    0x20000024   0x0800c298   0x00000004   Data   RW         1090    .data               explore_systick.o
    0x20000028   0x0800c29c   0x00000008   Data   RW         1483    .data               adc.o
    0x20000030   0x0800c2a4   0x00000008   Data   RW         1745    .data               os_prio.o
    0x20000038   0x0800c2ac   0x000000b4   Data   RW         1848    .data               os_var.o
    0x200000ec   0x0800c360   0x00000004   Data   RW         1879    .data               cpu_core.o
    0x200000f0   0x0800c364   0x00000004   Data   RW         1931    .data               lib_mem.o
    0x200000f4   0x0800c368   0x00000004   Data   RW         1974    .data               os_cpu_c.o
    0x200000f8        -       0x00002188   Zero   RW            4    .bss                main.o
    0x20002280        -       0x00000802   Zero   RW         1309    .bss                usart1.o
    0x20002a82        -       0x00000802   Zero   RW         1336    .bss                usart2.o
    0x20003284        -       0x00000802   Zero   RW         1363    .bss                usart3.o
    0x20003a86        -       0x00000802   Zero   RW         1390    .bss                usart4.o
    0x20004288        -       0x00000802   Zero   RW         1552    .bss                usart5.o
    0x20004a8a   0x0800c36c   0x00000002   PAD
    0x20004a8c        -       0x00001150   Zero   RW         1635    .bss                os_cfg_app.o
    0x20005bdc        -       0x0000061c   Zero   RW         1847    .bss                os_var.o
    0x200061f8        -       0x00000010   Zero   RW         1877    .bss                cpu_core.o
    0x20006208        -       0x00000448   Zero   RW         1930    .bss                lib_mem.o
    0x20006650        -       0x00000060   Zero   RW         2261    .bss                c_w.l(libspace.o)
    0x200066b0        -       0x00000200   Zero   RW          364    HEAP                startup_stm32f40_41xxx.o
    0x200068b0        -       0x00000400   Zero   RW          363    STACK               startup_stm32f40_41xxx.o


==============================================================================

Image component sizes


      Code (inc. data)   RO Data    RW Data    ZI Data      Debug   Object Name

       412         34          0          8          0       1846   adc.o
        68          4          0          0          0        555   beep.o
       132         14          0          0          0       1227   bsp.o
        52          0          0          0          0        292   cpu_a.o
       680         14        260          4         16       6995   cpu_core.o
       488         36          0          4          0       2878   explore_systick.o
        84         12          0          0          0        554   key.o
       260         22          0          0          0        795   led.o
       598          0          0          0          0       3980   lib_ascii.o
      2502         32          0          4       1096      22364   lib_mem.o
       544          0          0          0          0        424   lib_mem_a.o
      2348          6        148          0          0      13934   lib_str.o
       380         46          0          0       8584     350315   main.o
       224         20          0          0          0       1853   misc.o
         2          0        164          0       4432      19506   os_cfg_app.o
      3476        272          0          0          0      12427   os_core.o
       172         32          0          0          0        328   os_cpu_a.o
      1016         64          0          4          0       3849   os_cpu_c.o
       428        280        364          0          0       4781   os_dbg.o
      2808         84          0          0          0       7947   os_flag.o
       508         16          0          0          0       2856   os_mem.o
       552         14          0          0          0       2722   os_msg.o
      1932         84          0          0          0       5478   os_mutex.o
       124          4          0          8          0       1896   os_prio.o
      1752         58          0          0          0       6372   os_q.o
      1768         58          0          0          0       6416   os_sem.o
      1448        150          0          0          0       2797   os_stat.o
      4956        188          0          0          0      13606   os_task.o
      1156         74          0          0          0       3405   os_tick.o
      1116         54          0          0          0       3205   os_time.o
      2040        134          0          0          0       6886   os_tmr.o
         0          0          0        180       1564      18021   os_var.o
       168          8          0          0          0        778   pwm.o
        64         26        392          0       1536        860   startup_stm32f40_41xxx.o
      1124         24          0          0          0      10726   stm32f4xx_adc.o
       936         32          0          0          0       6429   stm32f4xx_dma.o
       660         44          0          0          0       4193   stm32f4xx_gpio.o
        22          0          0          0          0       1051   stm32f4xx_it.o
      1628         52          0         16          0      13088   stm32f4xx_rcc.o
      3234         60          0          0          0      23052   stm32f4xx_tim.o
      1108         34          0          0          0       7920   stm32f4xx_usart.o
       528         46          0         20          0       1831   system_stm32f4xx.o
        52         16          0          0          0        524   task.o
       144          4          0          0          0        918   tim.o
       780         28          0          0       2050       2877   usart1.o
       784         32          0          0       2050       2877   usart2.o
       788         30          0          0       2050       2877   usart3.o
       784         32          0          0       2050       2863   usart4.o
       808         32          0          0       2050       2875   usart5.o

    ----------------------------------------------------------------------
     47648       2306       1360        248      27480     616249   Object Totals
         0          0         32          0          0          0   (incl. Generated)
        10          0          0          0          2          0   (incl. Padding)

    ----------------------------------------------------------------------

      Code (inc. data)   RO Data    RW Data    ZI Data      Debug   Library Member Name

         8          0          0          0          0         68   __main.o
         0          0          0          0          0          0   __rtentry.o
        12          0          0          0          0          0   __rtentry2.o
         6          0          0          0          0          0   __rtentry4.o
        52          8          0          0          0          0   __scatter.o
        26          0          0          0          0          0   __scatter_copy.o
        28          0          0          0          0          0   __scatter_zi.o
        18          0          0          0          0         80   exit.o
         6          0          0          0          0        152   heapauxi.o
         0          0          0          0          0          0   indicate_semi.o
         2          0          0          0          0          0   libinit.o
         6          0          0          0          0          0   libinit2.o
         2          0          0          0          0          0   libshutdown.o
         2          0          0          0          0          0   libshutdown2.o
         8          4          0          0         96         68   libspace.o
       238          0          0          0          0        100   lludivv7m.o
       138          0          0          0          0         68   rt_memcpy_v6.o
       100          0          0          0          0         80   rt_memcpy_w.o
         2          0          0          0          0          0   rtexit.o
        10          0          0          0          0          0   rtexit2.o
        12          4          0          0          0         68   sys_exit.o
        74          0          0          0          0         80   sys_stackheap_outer.o
         2          0          0          0          0         68   use_no_semi.o
        10          0          0          0          0        116   fpinit.o

    ----------------------------------------------------------------------
       772         16          0          0         96        948   Library Totals
        10          0          0          0          0          0   (incl. Padding)

    ----------------------------------------------------------------------

      Code (inc. data)   RO Data    RW Data    ZI Data      Debug   Library Name

       752         16          0          0         96        832   c_w.l
        10          0          0          0          0        116   fz_wm.l

    ----------------------------------------------------------------------
       772         16          0          0         96        948   Library Totals

    ----------------------------------------------------------------------

==============================================================================


      Code (inc. data)   RO Data    RW Data    ZI Data      Debug   

     48420       2322       1360        248      27576     607285   Grand Totals
     48420       2322       1360        248      27576     607285   ELF Image Totals
     48420       2322       1360        248          0          0   ROM Totals

==============================================================================

    Total RO  Size (Code + RO Data)                49780 (  48.61kB)
    Total RW  Size (RW Data + ZI Data)             27824 (  27.17kB)
    Total ROM Size (Code + RO Data + RW Data)      50028 (  48.86kB)

==============================================================================

